74.6.18.168 - - [05/Jun/2007:12:42:45 -0400] "GET /robots.txt HTTP/1.0" 404 2294 www.davemease.com "-" "Mozilla/5.0 (compatible; Yahoo! Slurp; http://help.yahoo.com/help/us/ysearch/slurp)" "-"
74.6.18.225 - - [05/Jun/2007:12:42:45 -0400] "GET /football HTTP/1.0" 301 238 www.davemease.com "-" "Mozilla/5.0 (compatible; Yahoo! Slurp; http://help.yahoo.com/help/us/ysearch/slurp)" "-"
74.6.18.225 - - [05/Jun/2007:12:42:55 -0400] "GET /football/ HTTP/1.0" 200 280535 www.davemease.com "-" "Mozilla/5.0 (compatible; Yahoo! Slurp; http://help.yahoo.com/help/us/ysearch/slurp)" "-"
64.246.165.160 - - [05/Jun/2007:12:48:24 -0400] "GET /robots.txt HTTP/1.0" 404 2293 www.stats202.com "http://www.whois.sc/" "SurveyBot/2.3 (Whois Source)" "-"
64.246.165.160 - - [05/Jun/2007:12:48:24 -0400] "GET / HTTP/1.1" 200 2784 www.stats202.com "http://www.whois.sc/stats202.com" "SurveyBot/2.3 (Whois Source)" "-"
171.64.102.98 - - [05/Jun/2007:13:12:44 -0400] "GET / HTTP/1.1" 200 2784 www.davemease.com "http://www.google.com/search?q=David+Mease&rls=com.microsoft:*&ie=UTF-8&oe=UTF-8&startIndex=&startPage=1" "Mozilla/4.0 (compatible; MSIE 7.0; Windows NT 5.1; InfoPath.1; .NET CLR 1.1.4322; .NET CLR 2.0.50727)" "-"
171.64.102.98 - - [05/Jun/2007:13:12:44 -0400] "GET /mease.jpg HTTP/1.1" 200 4583 www.davemease.com "http://www.davemease.com/" "Mozilla/4.0 (compatible; MSIE 7.0; Windows NT 5.1; InfoPath.1; .NET CLR 1.1.4322; .NET CLR 2.0.50727)" "-"
171.64.102.98 - - [05/Jun/2007:13:12:45 -0400] "GET /favicon.ico HTTP/1.1" 404 2295 www.davemease.com "-" "Mozilla/4.0 (compatible; MSIE 7.0; Windows NT 5.1; InfoPath.1; .NET CLR 1.1.4322; .NET CLR 2.0.50727)" "-"
130.65.221.14 - - [05/Jun/2007:13:23:33 -0400] "GET / HTTP/1.1" 200 2784 www.stats202.com "-" "Mozilla/4.0 (compatible; MSIE 6.0; Windows NT 5.1; SV1; .NET CLR 1.1.4322)" "-"
130.65.221.14 - - [05/Jun/2007:13:23:33 -0400] "GET /mease.jpg HTTP/1.1" 200 4583 www.stats202.com "http://www.stats202.com" "Mozilla/4.0 (compatible; MSIE 6.0; Windows NT 5.1; SV1; .NET CLR 1.1.4322)" "-"
130.65.221.14 - - [05/Jun/2007:13:25:28 -0400] "GET / HTTP/1.1" 200 - www.stats202.com "-" "Mozilla/4.0 (compatible; MSIE 6.0; Windows NT 5.1; SV1; .NET CLR 1.1.4322)" "-"
130.65.221.14 - - [05/Jun/2007:13:25:28 -0400] "GET /mease.jpg HTTP/1.1" 304 - www.stats202.com "http://www.stats202.com" "Mozilla/4.0 (compatible; MSIE 6.0; Windows NT 5.1; SV1; .NET CLR 1.1.4322)" "-"
130.65.221.14 - - [05/Jun/2007:13:25:29 -0400] "GET / HTTP/1.1" 200 - www.stats202.com "-" "Mozilla/4.0 (compatible; MSIE 6.0; Windows NT 5.1; SV1; .NET CLR 1.1.4322)" "-"
130.65.221.14 - - [05/Jun/2007:13:25:29 -0400] "GET /mease.jpg HTTP/1.1" 304 - www.stats202.com "http://www.stats202.com" "Mozilla/4.0 (compatible; MSIE 6.0; Windows NT 5.1; SV1; .NET CLR 1.1.4322)" "-"
130.65.221.14 - - [05/Jun/2007:13:25:30 -0400] "GET / HTTP/1.1" 200 - www.stats202.com "-" "Mozilla/4.0 (compatible; MSIE 6.0; Windows NT 5.1; SV1; .NET CLR 1.1.4322)" "-"
130.65.221.14 - - [05/Jun/2007:13:25:30 -0400] "GET /mease.jpg HTTP/1.1" 304 - www.stats202.com "http://www.stats202.com" "Mozilla/4.0 (compatible; MSIE 6.0; Windows NT 5.1; SV1; .NET CLR 1.1.4322)" "-"
130.65.221.14 - - [05/Jun/2007:13:26:30 -0400] "GET / HTTP/1.1" 200 524 www.stats202.com "-" "Mozilla/4.0 (compatible; MSIE 6.0; Windows NT 5.1; SV1; .NET CLR 1.1.4322)" "-"
65.57.245.11 - - [05/Jun/2007:14:35:11 -0400] "GET / HTTP/1.1" 200 524 www.stats202.com "-" "Mozilla/4.0 (compatible; MSIE 6.0; Windows NT 5.1; SV1; .NET CLR 1.1.4322)" "-"
130.65.84.225 - - [05/Jun/2007:15:31:32 -0400] "GET / HTTP/1.1" 200 2784 www.davemease.com "-" "Mozilla/5.0 (Windows; U; Windows NT 5.1; en-US; rv:1.7.12) Gecko/20050915 Firefox/1.0.7" "-"
130.65.84.225 - - [05/Jun/2007:15:31:33 -0400] "GET /mease.jpg HTTP/1.1" 200 4583 www.davemease.com "http://www.davemease.com/" "Mozilla/5.0 (Windows; U; Windows NT 5.1; en-US; rv:1.7.12) Gecko/20050915 Firefox/1.0.7" "-"
130.65.84.225 - - [05/Jun/2007:15:31:33 -0400] "GET /favicon.ico HTTP/1.1" 404 2295 www.davemease.com "-" "Mozilla/5.0 (Windows; U; Windows NT 5.1; en-US; rv:1.7.12) Gecko/20050915 Firefox/1.0.7" "-"
130.65.84.225 - - [05/Jun/2007:15:32:01 -0400] "GET /favicon.ico HTTP/1.1" 404 2295 www.davemease.com "-" "Mozilla/5.0 (Windows; U; Windows NT 5.1; en-US; rv:1.7.12) Gecko/20050915 Firefox/1.0.7" "-"
130.65.84.225 - - [05/Jun/2007:15:32:25 -0400] "GET /favicon.ico HTTP/1.1" 404 2295 www.davemease.com "-" "Mozilla/5.0 (Windows; U; Windows NT 5.1; en-US; rv:1.7.12) Gecko/20050915 Firefox/1.0.7" "-"
80.195.189.75 - - [05/Jun/2007:16:11:42 -0400] "GET /football/ HTTP/1.1" 200 280535 www.davemease.com "http://search.live.com/results.aspx?q=www.football+mease&mkt=en-us&FORM=LIVSOP&go.x=15&go.y=10" "Mozilla/4.0 (compatible; MSIE 7.0; Windows NT 5.1; .NET CLR 1.1.4322; .NET CLR 2.0.50727)" "-"
66.194.6.76 - - [05/Jun/2007:16:38:41 -0400] "GET / HTTP/1.1" 403 626 www.on-line-teaching-videos.com "-" "Mozilla/4.0 (compatible; MSIE 6.0; Windows NT 5.1; Q312460)" "-"
72.44.58.157 - - [05/Jun/2007:17:59:35 -0400] "GET /robots.txt HTTP/1.0" 404 2294 www.davemease.com "-" "ilial/Nutch-0.9 (Ilial, Inc. is a Los Angeles based Internet startup company.; http://www.ilial.com/crawler; crawl@ilial.com)" "-"
72.44.58.157 - - [05/Jun/2007:17:59:36 -0400] "GET /papers/ HTTP/1.0" 200 1510 www.davemease.com "-" "ilial/Nutch-0.9 (Ilial, Inc. is a Los Angeles based Internet startup company.; http://www.ilial.com/crawler; crawl@ilial.com)" "-"
72.44.58.157 - - [05/Jun/2007:18:09:48 -0400] "GET /contraryevidence/ HTTP/1.0" 200 3072 www.davemease.com "-" "ilial/Nutch-0.9 (Ilial, Inc. is a Los Angeles based Internet startup company.; http://www.ilial.com/crawler; crawl@ilial.com)" "-"
69.181.242.64 - - [05/Jun/2007:18:21:40 -0400] "GET / HTTP/1.1" 200 2784 www.davemease.com "http://www.google.com/search?sourceid=navclient&ie=UTF-8&rls=GGLG,GGLG:2005-27,GGLG:en&q=david+mease" "Mozilla/4.0 (compatible; MSIE 6.0; Windows NT 5.1; SV1)" "-"
69.181.242.64 - - [05/Jun/2007:18:21:40 -0400] "GET /mease.jpg HTTP/1.1" 200 4583 www.davemease.com "http://www.davemease.com/" "Mozilla/4.0 (compatible; MSIE 6.0; Windows NT 5.1; SV1)" "-"
74.6.17.38 - - [05/Jun/2007:19:03:11 -0400] "GET /robots.txt HTTP/1.0" 404 2294 www.davemease.com "-" "Mozilla/5.0 (compatible; Yahoo! Slurp; http://help.yahoo.com/help/us/ysearch/slurp)" "-"
74.6.17.70 - - [05/Jun/2007:19:03:13 -0400] "GET /football HTTP/1.0" 301 238 www.davemease.com "-" "Mozilla/5.0 (compatible; Yahoo! Slurp; http://help.yahoo.com/help/us/ysearch/slurp)" "-"
74.6.17.70 - - [05/Jun/2007:19:03:23 -0400] "GET /football/ HTTP/1.0" 200 280535 www.davemease.com "-" "Mozilla/5.0 (compatible; Yahoo! Slurp; http://help.yahoo.com/help/us/ysearch/slurp)" "-"
66.194.6.79 - - [05/Jun/2007:20:41:35 -0400] "GET / HTTP/1.1" 200 2784 www.davemease.com "-" "Mozilla/5.0 (compatible; Konqueror/3.1-rc1; i686 Linux; 20020722)" "-"
74.6.75.42 - - [05/Jun/2007:21:16:16 -0400] "GET /robots.txt HTTP/1.0" 404 2308 www.on-line-teaching-videos.com "-" "Mozilla/5.0 (compatible; Yahoo! Slurp; http://help.yahoo.com/help/us/ysearch/slurp)" "-"
74.6.68.41 - - [05/Jun/2007:21:16:30 -0400] "GET / HTTP/1.0" 403 626 www.on-line-teaching-videos.com "-" "Mozilla/5.0 (compatible; Yahoo! Slurp; http://help.yahoo.com/help/us/ysearch/slurp)" "-"
74.6.19.105 - - [05/Jun/2007:21:56:21 -0400] "GET /robots.txt HTTP/1.0" 404 2294 www.davemease.com "-" "Mozilla/5.0 (compatible; Yahoo! Slurp; http://help.yahoo.com/help/us/ysearch/slurp)" "-"
74.6.26.212 - - [05/Jun/2007:22:05:54 -0400] "GET /football/ HTTP/1.0" 200 280535 www.davemease.com "-" "Mozilla/5.0 (compatible; Yahoo! Slurp; http://help.yahoo.com/help/us/ysearch/slurp)" "-"
67.95.207.132 - - [05/Jun/2007:22:49:17 -0400] "GET / HTTP/1.1" 200 524 www.stats202.com "-" "Mozilla/5.0 (Windows; U; Windows NT 6.0; en-US; rv:1.8.1.4) Gecko/20070515 Firefox/2.0.0.4" "-"
67.95.207.132 - - [05/Jun/2007:22:49:17 -0400] "GET /favicon.ico HTTP/1.1" 404 2294 www.stats202.com "-" "Mozilla/5.0 (Windows; U; Windows NT 6.0; en-US; rv:1.8.1.4) Gecko/20070515 Firefox/2.0.0.4" "-"
74.6.19.105 - - [05/Jun/2007:23:28:32 -0400] "GET /robots.txt HTTP/1.0" 404 2294 www.davemease.com "-" "Mozilla/5.0 (compatible; Yahoo! Slurp; http://help.yahoo.com/help/us/ysearch/slurp)" "-"
74.6.22.36 - - [05/Jun/2007:23:31:01 -0400] "GET /football/SAScode.html HTTP/1.0" 200 19371 www.davemease.com "-" "Mozilla/5.0 (compatible; Yahoo! Slurp; http://help.yahoo.com/help/us/ysearch/slurp)" "-"
24.6.246.6 - - [06/Jun/2007:00:44:42 -0400] "GET /football/ HTTP/1.1" 200 280535 www.davemease.com "-" "Mozilla/5.0 (Windows; U; Windows NT 5.1; en-US; rv:1.8.1.4) Gecko/20070515 Firefox/2.0.0.4" "-"
74.6.75.26 - - [06/Jun/2007:01:01:27 -0400] "GET /robots.txt HTTP/1.0" 404 2294 www.davemease.com "-" "Mozilla/5.0 (compatible; Yahoo! Slurp; http://help.yahoo.com/help/us/ysearch/slurp)" "-"
74.6.73.91 - - [06/Jun/2007:01:01:29 -0400] "GET / HTTP/1.0" 200 - www.davemease.com "-" "Mozilla/5.0 (compatible; Yahoo! Slurp; http://help.yahoo.com/help/us/ysearch/slurp)" "-"
24.6.246.6 - - [06/Jun/2007:01:07:36 -0400] "GET /football/ HTTP/1.1" 200 280535 www.davemease.com "-" "Mozilla/5.0 (Windows; U; Windows NT 5.1; en-US; rv:1.8.1.4) Gecko/20070515 Firefox/2.0.0.4" "-"
24.6.246.6 - - [06/Jun/2007:01:07:38 -0400] "GET /football/ HTTP/1.1" 200 280535 www.davemease.com "-" "Mozilla/5.0 (Windows; U; Windows NT 5.1; en-US; rv:1.8.1.4) Gecko/20070515 Firefox/2.0.0.4" "-"
24.6.246.6 - - [06/Jun/2007:01:07:44 -0400] "GET /favicon.ico HTTP/1.1" 404 2295 www.davemease.com "-" "Mozilla/5.0 (Windows; U; Windows NT 5.1; en-US; rv:1.8.1.4) Gecko/20070515 Firefox/2.0.0.4" "-"
74.6.86.207 - - [06/Jun/2007:02:26:10 -0400] "GET /robots.txt HTTP/1.0" 404 2308 www.on-line-teaching-videos.com "-" "Mozilla/5.0 (compatible; Yahoo! Slurp; http://help.yahoo.com/help/us/ysearch/slurp)" "-"
74.6.85.136 - - [06/Jun/2007:02:26:10 -0400] "GET / HTTP/1.0" 403 626 www.on-line-teaching-videos.com "-" "Mozilla/5.0 (compatible; Yahoo! Slurp; http://help.yahoo.com/help/us/ysearch/slurp)" "-"
74.6.75.26 - - [06/Jun/2007:04:02:01 -0400] "GET /robots.txt HTTP/1.0" 404 2294 www.davemease.com "-" "Mozilla/5.0 (compatible; Yahoo! Slurp; http://help.yahoo.com/help/us/ysearch/slurp)" "-"
74.6.18.35 - - [06/Jun/2007:04:02:05 -0400] "GET / HTTP/1.0" 200 2784 www.davemease.com "-" "Mozilla/5.0 (compatible; Yahoo! Slurp; http://help.yahoo.com/help/us/ysearch/slurp)" "-"
74.6.75.26 - - [06/Jun/2007:07:17:13 -0400] "GET /robots.txt HTTP/1.0" 404 2294 www.davemease.com "-" "Mozilla/5.0 (compatible; Yahoo! Slurp; http://help.yahoo.com/help/us/ysearch/slurp)" "-"
74.6.66.38 - - [06/Jun/2007:07:17:14 -0400] "GET / HTTP/1.0" 200 2784 www.davemease.com "-" "Mozilla/5.0 (compatible; Yahoo! Slurp; http://help.yahoo.com/help/us/ysearch/slurp)" "-"
66.249.67.1 - - [06/Jun/2007:07:27:42 -0400] "GET /robots.txt HTTP/1.1" 404 2308 www.on-line-teaching-videos.com "-" "Mozilla/5.0 (compatible; Googlebot/2.1; +http://www.google.com/bot.html)" "-"
66.249.67.1 - - [06/Jun/2007:07:27:42 -0400] "HEAD /sample_from_lecture23.wmv HTTP/1.1" 200 0 www.on-line-teaching-videos.com "-" "Mozilla/5.0 (compatible; Googlebot/2.1; +http://www.google.com/bot.html)" "-"
66.249.67.1 - - [06/Jun/2007:07:27:42 -0400] "HEAD /sample_from_lecture24.wmv HTTP/1.1" 200 0 www.on-line-teaching-videos.com "-" "Mozilla/5.0 (compatible; Googlebot/2.1; +http://www.google.com/bot.html)" "-"
66.249.67.1 - - [06/Jun/2007:07:27:43 -0400] "HEAD /sample_from_lecture25.wmv HTTP/1.1" 200 0 www.on-line-teaching-videos.com "-" "Mozilla/5.0 (compatible; Googlebot/2.1; +http://www.google.com/bot.html)" "-"
74.6.75.26 - - [06/Jun/2007:08:53:24 -0400] "GET /robots.txt HTTP/1.0" 404 2294 www.davemease.com "-" "Mozilla/5.0 (compatible; Yahoo! Slurp; http://help.yahoo.com/help/us/ysearch/slurp)" "-"
74.6.18.23 - - [06/Jun/2007:08:53:24 -0400] "GET /football/ HTTP/1.0" 200 280535 www.davemease.com "-" "Mozilla/5.0 (compatible; Yahoo! Slurp; http://help.yahoo.com/help/us/ysearch/slurp)" "-"
74.6.87.40 - - [06/Jun/2007:09:15:58 -0400] "GET /robots.txt HTTP/1.0" 404 2294 www.davemease.com "-" "Mozilla/5.0 (compatible; Yahoo! Slurp; http://help.yahoo.com/help/us/ysearch/slurp)" "-"
74.6.87.76 - - [06/Jun/2007:09:17:23 -0400] "GET /football HTTP/1.0" 301 238 www.davemease.com "-" "Mozilla/5.0 (compatible; Yahoo! Slurp; http://help.yahoo.com/help/us/ysearch/slurp)" "-"
74.6.87.76 - - [06/Jun/2007:09:19:07 -0400] "GET /football/ HTTP/1.0" 200 280535 www.davemease.com "-" "Mozilla/5.0 (compatible; Yahoo! Slurp; http://help.yahoo.com/help/us/ysearch/slurp)" "-"
74.6.75.26 - - [06/Jun/2007:10:23:15 -0400] "GET /robots.txt HTTP/1.0" 404 2294 www.davemease.com "-" "Mozilla/5.0 (compatible; Yahoo! Slurp; http://help.yahoo.com/help/us/ysearch/slurp)" "-"
72.30.177.251 - - [06/Jun/2007:10:23:16 -0400] "GET /papers HTTP/1.0" 301 236 www.davemease.com "-" "Mozilla/5.0 (compatible; Yahoo! Slurp; http://help.yahoo.com/help/us/ysearch/slurp)" "-"
72.30.177.251 - - [06/Jun/2007:10:23:17 -0400] "GET /papers/ HTTP/1.0" 200 1510 www.davemease.com "-" "Mozilla/5.0 (compatible; Yahoo! Slurp; http://help.yahoo.com/help/us/ysearch/slurp)" "-"
66.249.67.1 - - [06/Jun/2007:10:27:26 -0400] "GET /lecture25=start-chapter-8.ppt HTTP/1.1" 304 - www.on-line-teaching-videos.com "-" "Mozilla/5.0 (compatible; Googlebot/2.1; +http://www.google.com/bot.html)" "-"
129.113.173.77 - - [06/Jun/2007:11:13:40 -0400] "GET /homework.html HTTP/1.1" 200 7482 www.on-line-teaching-videos.com "http://www.ask.com/web?q=How+do+i+make+a+pareto+diagram+on+excel&search=&qsrc=0&o=0&l=dir" "Mozilla/4.0 (compatible; MSIE 6.0; Windows NT 5.1; SV1; .NET CLR 2.0.50727; InfoPath.1; .NET CLR 1.1.4322; .NET CLR 3.0.04506.30; InfoPath.2)" "-"
74.6.75.26 - - [06/Jun/2007:11:17:13 -0400] "GET /robots.txt HTTP/1.0" 404 2294 www.davemease.com "-" "Mozilla/5.0 (compatible; Yahoo! Slurp; http://help.yahoo.com/help/us/ysearch/slurp)" "-"
74.6.17.144 - - [06/Jun/2007:11:18:01 -0400] "GET / HTTP/1.0" 200 2784 www.davemease.com "-" "Mozilla/5.0 (compatible; Yahoo! Slurp; http://help.yahoo.com/help/us/ysearch/slurp)" "-"
74.6.75.26 - - [06/Jun/2007:11:57:28 -0400] "GET /robots.txt HTTP/1.0" 404 2294 www.davemease.com "-" "Mozilla/5.0 (compatible; Yahoo! Slurp; http://help.yahoo.com/help/us/ysearch/slurp)" "-"
74.6.17.100 - - [06/Jun/2007:11:57:51 -0400] "GET / HTTP/1.0" 200 2784 www.davemease.com "-" "Mozilla/5.0 (compatible; Yahoo! Slurp; http://help.yahoo.com/help/us/ysearch/slurp)" "-"
192.35.79.70 - - [06/Jun/2007:13:49:09 -0400] "GET / HTTP/1.1" 200 2784 www.davemease.com "http://www.google.com/search?hl=en&q=David+Mease&btnG=Search" "Mozilla/4.0 (compatible; MSIE 6.0; Windows NT 5.1; SV1; .NET CLR 1.1.4322; InfoPath.1; .NET CLR 2.0.50727; .NET CLR 3.0.04506.30)" "-"
192.35.79.70 - - [06/Jun/2007:13:49:10 -0400] "GET /mease.jpg HTTP/1.1" 200 4583 www.davemease.com "http://www.davemease.com/" "Mozilla/4.0 (compatible; MSIE 6.0; Windows NT 5.1; SV1; .NET CLR 1.1.4322; InfoPath.1; .NET CLR 2.0.50727; .NET CLR 3.0.04506.30)" "-"
192.35.79.70 - - [06/Jun/2007:13:49:10 -0400] "GET /favicon.ico HTTP/1.1" 404 2295 www.davemease.com "-" "Mozilla/4.0 (compatible; MSIE 6.0; Windows NT 5.1; SV1; .NET CLR 1.1.4322; InfoPath.1; .NET CLR 2.0.50727; .NET CLR 3.0.04506.30)" "-"
192.35.79.70 - - [06/Jun/2007:13:49:10 -0400] "GET /favicon.ico HTTP/1.1" 404 2295 www.davemease.com "-" "Mozilla/4.0 (compatible; MSIE 6.0; Windows NT 5.1; SV1; .NET CLR 1.1.4322; InfoPath.1; .NET CLR 2.0.50727; .NET CLR 3.0.04506.30)" "-"
192.35.79.70 - - [06/Jun/2007:13:49:10 -0400] "GET /favicon.ico HTTP/1.1" 404 2295 www.davemease.com "-" "Mozilla/4.0 (compatible; MSIE 6.0; Windows NT 5.1; SV1; .NET CLR 1.1.4322; InfoPath.1; .NET CLR 2.0.50727; .NET CLR 3.0.04506.30)" "-"
208.96.3.133 - - [06/Jun/2007:13:55:10 -0400] "GET /football/ HTTP/1.1" 200 280535 www.davemease.com "-" "Mozilla/5.0 (Windows; U; Windows NT 5.1; en-US; rv:1.7.5) Gecko/20041107 Firefox/1.0" "-"
66.240.26.40 - - [06/Jun/2007:14:32:12 -0400] "GET / HTTP/1.1" 200 2784 www.davemease.com "http://www.google.com/search?hl=en&q=mease" "Mozilla/4.0 (compatible; MSIE 6.0; Windows NT 5.1; SV1)" "-"
66.240.26.40 - - [06/Jun/2007:14:32:15 -0400] "GET /mease.jpg HTTP/1.1" 200 4583 www.davemease.com "http://www.davemease.com/" "Mozilla/4.0 (compatible; MSIE 6.0; Windows NT 5.1; SV1)" "-"
140.198.40.66 - - [06/Jun/2007:14:35:27 -0400] "GET /homework.html HTTP/1.1" 200 7482 www.on-line-teaching-videos.com "http://www.google.com/search?hl=en&safe=off&q=ogive+in+excel&btnG=Search" "Mozilla/5.0 (Windows; U; Windows NT 5.1; en-US; rv:1.8.1) Gecko/20061010 Firefox/2.0" "-"
140.198.40.66 - - [06/Jun/2007:14:35:27 -0400] "GET /favicon.ico HTTP/1.1" 404 2309 www.on-line-teaching-videos.com "-" "Mozilla/5.0 (Windows; U; Windows NT 5.1; en-US; rv:1.8.1) Gecko/20061010 Firefox/2.0" "-"
38.100.41.105 - - [06/Jun/2007:15:07:33 -0400] "GET / HTTP/1.1" 403 626 www.on-line-teaching-videos.com "-" "Mozilla/4.0 (compatible; MSIE 6.0; Windows XP)" "-"
192.35.79.70 - - [06/Jun/2007:15:07:50 -0400] "GET / HTTP/1.1" 200 - www.davemease.com "http://www.google.com/search?hl=en&q=David+Mease&btnG=Search" "Mozilla/4.0 (compatible; MSIE 6.0; Windows NT 5.1; SV1; .NET CLR 1.1.4322; InfoPath.1; .NET CLR 2.0.50727; .NET CLR 3.0.04506.30)" "-"
192.35.79.70 - - [06/Jun/2007:15:07:50 -0400] "GET /mease.jpg HTTP/1.1" 304 - www.davemease.com "http://www.davemease.com/" "Mozilla/4.0 (compatible; MSIE 6.0; Windows NT 5.1; SV1; .NET CLR 1.1.4322; InfoPath.1; .NET CLR 2.0.50727; .NET CLR 3.0.04506.30)" "-"
192.35.79.70 - - [06/Jun/2007:15:07:50 -0400] "GET /favicon.ico HTTP/1.1" 404 2295 www.davemease.com "-" "Mozilla/4.0 (compatible; MSIE 6.0; Windows NT 5.1; SV1; .NET CLR 1.1.4322; InfoPath.1; .NET CLR 2.0.50727; .NET CLR 3.0.04506.30)" "-"
192.35.79.70 - - [06/Jun/2007:15:07:51 -0400] "GET /favicon.ico HTTP/1.1" 404 2295 www.davemease.com "-" "Mozilla/4.0 (compatible; MSIE 6.0; Windows NT 5.1; SV1; .NET CLR 1.1.4322; InfoPath.1; .NET CLR 2.0.50727; .NET CLR 3.0.04506.30)" "-"
66.240.26.40 - - [06/Jun/2007:15:35:17 -0400] "GET / HTTP/1.1" 200 2784 www.davemease.com "http://www.google.com/search?hl=en&q=mease" "Mozilla/4.0 (compatible; MSIE 6.0; Windows NT 5.1; SV1)" "-"
66.240.26.40 - - [06/Jun/2007:15:35:22 -0400] "GET /mease.jpg HTTP/1.1" 200 4583 www.davemease.com "http://www.davemease.com/" "Mozilla/4.0 (compatible; MSIE 6.0; Windows NT 5.1; SV1)" "-"
128.12.189.139 - - [06/Jun/2007:15:39:35 -0400] "GET / HTTP/1.1" 200 2784 www.davemease.com "http://www.google.com/search?sourceid=navclient&ie=UTF-8&rlz=1T4GGIH_enUS218US218&q=david+mease" "Mozilla/4.0 (compatible; MSIE 7.0; Windows NT 5.1; .NET CLR 1.1.4322)" "-"
128.12.189.139 - - [06/Jun/2007:15:39:35 -0400] "GET /mease.jpg HTTP/1.1" 200 4583 www.davemease.com "http://www.davemease.com/" "Mozilla/4.0 (compatible; MSIE 7.0; Windows NT 5.1; .NET CLR 1.1.4322)" "-"
128.12.189.139 - - [06/Jun/2007:15:39:35 -0400] "GET /favicon.ico HTTP/1.1" 404 2295 www.davemease.com "-" "Mozilla/4.0 (compatible; MSIE 7.0; Windows NT 5.1; .NET CLR 1.1.4322)" "-"
63.123.238.8 - - [06/Jun/2007:15:50:38 -0400] "GET /robots.txt HTTP/1.1" 404 2308 www.on-line-teaching-videos.com "-" "Mozilla/2.0 (compatible; Ask Jeeves/Teoma)" "-"
63.123.238.8 - - [06/Jun/2007:15:50:38 -0400] "GET / HTTP/1.1" 403 626 www.on-line-teaching-videos.com "-" "Mozilla/2.0 (compatible; Ask Jeeves/Teoma)" "-"
66.240.26.40 - - [06/Jun/2007:15:56:52 -0400] "GET / HTTP/1.1" 200 - www.davemease.com "http://www.google.com/search?hl=en&q=mease" "Mozilla/4.0 (compatible; MSIE 6.0; Windows NT 5.1; SV1)" "-"
66.240.26.40 - - [06/Jun/2007:15:56:53 -0400] "GET /mease.jpg HTTP/1.1" 304 - www.davemease.com "http://www.davemease.com/" "Mozilla/4.0 (compatible; MSIE 6.0; Windows NT 5.1; SV1)" "-"
66.240.24.41 - - [06/Jun/2007:16:10:31 -0400] "GET / HTTP/1.1" 200 2784 www.davemease.com "http://www.google.com/search?hl=en&q=mease" "Mozilla/4.0 (compatible; MSIE 6.0; Windows NT 5.1; SV1)" "-"
66.240.24.41 - - [06/Jun/2007:16:10:31 -0400] "GET /mease.jpg HTTP/1.1" 200 4583 www.davemease.com "http://www.davemease.com/" "Mozilla/4.0 (compatible; MSIE 6.0; Windows NT 5.1; SV1)" "-"
74.6.75.26 - - [06/Jun/2007:16:31:42 -0400] "GET /robots.txt HTTP/1.0" 404 2294 www.davemease.com "-" "Mozilla/5.0 (compatible; Yahoo! Slurp; http://help.yahoo.com/help/us/ysearch/slurp)" "-"
74.6.18.198 - - [06/Jun/2007:16:31:42 -0400] "GET / HTTP/1.0" 200 2784 www.davemease.com "-" "Mozilla/5.0 (compatible; Yahoo! Slurp; http://help.yahoo.com/help/us/ysearch/slurp)" "-"
66.240.26.40 - - [06/Jun/2007:16:40:42 -0400] "GET / HTTP/1.1" 200 2784 www.davemease.com "http://www.google.com/search?hl=en&q=mease" "Mozilla/4.0 (compatible; MSIE 6.0; Windows NT 5.1; SV1)" "-"
66.240.26.40 - - [06/Jun/2007:16:40:42 -0400] "GET /mease.jpg HTTP/1.1" 200 4583 www.davemease.com "http://www.davemease.com/" "Mozilla/4.0 (compatible; MSIE 6.0; Windows NT 5.1; SV1)" "-"
66.240.26.40 - - [06/Jun/2007:16:40:49 -0400] "GET /favicon.ico HTTP/1.1" 404 2295 www.davemease.com "-" "Mozilla/4.0 (compatible; MSIE 6.0; Windows NT 5.1; SV1)" "-"
66.240.26.40 - - [06/Jun/2007:16:41:59 -0400] "GET / HTTP/1.1" 200 - www.davemease.com "http://www.google.com/search?hl=en&q=mease" "Mozilla/4.0 (compatible; MSIE 6.0; Windows NT 5.1; SV1)" "-"
66.240.26.40 - - [06/Jun/2007:16:41:59 -0400] "GET /mease.jpg HTTP/1.1" 304 - www.davemease.com "http://www.davemease.com/" "Mozilla/4.0 (compatible; MSIE 6.0; Windows NT 5.1; SV1)" "-"
72.44.58.153 - - [06/Jun/2007:16:46:48 -0400] "GET /robots.txt HTTP/1.0" 404 2294 www.davemease.com "-" "ilial/Nutch-0.9 (Ilial, Inc. is a Los Angeles based Internet startup company.; http://www.ilial.com/crawler; crawl@ilial.com)" "-"
72.44.58.153 - - [06/Jun/2007:16:46:49 -0400] "GET /papers/ HTTP/1.0" 200 1510 www.davemease.com "-" "ilial/Nutch-0.9 (Ilial, Inc. is a Los Angeles based Internet startup company.; http://www.ilial.com/crawler; crawl@ilial.com)" "-"
66.240.26.40 - - [06/Jun/2007:16:55:53 -0400] "GET / HTTP/1.1" 200 - www.davemease.com "-" "Mozilla/4.0 (compatible; MSIE 6.0; Windows NT 5.1; SV1)" "-"
66.240.26.40 - - [06/Jun/2007:16:55:53 -0400] "GET /mease.jpg HTTP/1.1" 304 - www.davemease.com "http://www.davemease.com/" "Mozilla/4.0 (compatible; MSIE 6.0; Windows NT 5.1; SV1)" "-"
72.44.58.153 - - [06/Jun/2007:16:59:16 -0400] "GET /contraryevidence/ HTTP/1.0" 200 3072 www.davemease.com "-" "ilial/Nutch-0.9 (Ilial, Inc. is a Los Angeles based Internet startup company.; http://www.ilial.com/crawler; crawl@ilial.com)" "-"
66.240.26.40 - - [06/Jun/2007:16:59:42 -0400] "GET / HTTP/1.1" 200 - www.davemease.com "-" "Mozilla/4.0 (compatible; MSIE 6.0; Windows NT 5.1; SV1)" "-"
66.240.26.40 - - [06/Jun/2007:16:59:42 -0400] "GET /mease.jpg HTTP/1.1" 304 - www.davemease.com "http://www.davemease.com/" "Mozilla/4.0 (compatible; MSIE 6.0; Windows NT 5.1; SV1)" "-"
66.240.26.40 - - [06/Jun/2007:17:03:42 -0400] "GET / HTTP/1.1" 200 - www.davemease.com "-" "Mozilla/4.0 (compatible; MSIE 6.0; Windows NT 5.1; SV1)" "-"
66.240.26.40 - - [06/Jun/2007:17:03:43 -0400] "GET /mease.jpg HTTP/1.1" 304 - www.davemease.com "http://www.davemease.com/" "Mozilla/4.0 (compatible; MSIE 6.0; Windows NT 5.1; SV1)" "-"
66.240.24.41 - - [06/Jun/2007:17:10:42 -0400] "GET / HTTP/1.1" 200 - www.davemease.com "-" "Mozilla/4.0 (compatible; MSIE 6.0; Windows NT 5.1; SV1)" "-"
66.240.24.41 - - [06/Jun/2007:17:10:42 -0400] "GET /mease.jpg HTTP/1.1" 304 - www.davemease.com "http://www.davemease.com/" "Mozilla/4.0 (compatible; MSIE 6.0; Windows NT 5.1; SV1)" "-"
89.150.197.137 - - [06/Jun/2007:18:17:35 -0400] "GET /robots.txt HTTP/1.0" 404 2294 www.davemease.com "-" "Speedy Spider (http://www.entireweb.com/about/search_tech/speedyspider/)" "-"
89.150.197.137 - - [06/Jun/2007:18:17:38 -0400] "GET /football/ HTTP/1.0" 200 280535 www.davemease.com "-" "Speedy Spider (http://www.entireweb.com/about/search_tech/speedyspider/)" "-"
63.123.238.8 - - [06/Jun/2007:18:44:18 -0400] "GET /robots.txt HTTP/1.1" 404 2294 www.davemease.com "-" "Mozilla/2.0 (compatible; Ask Jeeves/Teoma)" "-"
63.123.238.8 - - [06/Jun/2007:18:44:18 -0400] "GET / HTTP/1.1" 200 2784 www.davemease.com "-" "Mozilla/2.0 (compatible; Ask Jeeves/Teoma)" "-"
69.145.88.243 - - [06/Jun/2007:18:53:40 -0400] "GET /robots.txt HTTP/1.0" 404 2308 www.on-line-teaching-videos.com "http://majestic12.co.uk/bot.php?I=997108B679A3CF2CD9837A5C2C6BF889-73E60549B86D86D2-0040D75B81D75341-www.on-line-teaching-videos.com" "MJ12bot/v1.2.0 (http://majestic12.co.uk/bot.php?+)" "-"
69.145.88.243 - - [06/Jun/2007:18:53:41 -0400] "GET /exam_solutions HTTP/1.1" 301 270 www.on-line-teaching-videos.com "-" "MJ12bot/v1.2.0 (http://majestic12.co.uk/bot.php?+)" "-"
69.145.88.243 - - [06/Jun/2007:18:53:41 -0400] "GET /exam_solutions/ HTTP/1.1" 200 574 www.on-line-teaching-videos.com "http://www.on-line-teaching-videos.com/exam_solutions" "MJ12bot/v1.2.0 (http://majestic12.co.uk/bot.php?+)" "-"
69.145.88.243 - - [06/Jun/2007:18:53:46 -0400] "GET /formula_sheet_for_exam1.ppt HTTP/1.1" 404 2325 www.on-line-teaching-videos.com "-" "MJ12bot/v1.2.0 (http://majestic12.co.uk/bot.php?+)" "-"
69.145.88.243 - - [06/Jun/2007:18:53:49 -0400] "GET /formula_sheet_for_exam2.ppt HTTP/1.1" 404 2325 www.on-line-teaching-videos.com "-" "MJ12bot/v1.2.0 (http://majestic12.co.uk/bot.php?+)" "-"
69.145.88.243 - - [06/Jun/2007:18:53:51 -0400] "GET /formula_sheet_for_final.ppt HTTP/1.1" 404 2325 www.on-line-teaching-videos.com "-" "MJ12bot/v1.2.0 (http://majestic12.co.uk/bot.php?+)" "-"
69.145.88.243 - - [06/Jun/2007:18:53:53 -0400] "GET /homework_solutions HTTP/1.1" 301 274 www.on-line-teaching-videos.com "-" "MJ12bot/v1.2.0 (http://majestic12.co.uk/bot.php?+)" "-"
69.145.88.243 - - [06/Jun/2007:18:53:55 -0400] "GET /homework_solutions/ HTTP/1.1" 200 1598 www.on-line-teaching-videos.com "http://www.on-line-teaching-videos.com/homework_solutions" "MJ12bot/v1.2.0 (http://majestic12.co.uk/bot.php?+)" "-"
69.145.88.243 - - [06/Jun/2007:18:53:57 -0400] "GET /quiz_solutions HTTP/1.1" 301 270 www.on-line-teaching-videos.com "-" "MJ12bot/v1.2.0 (http://majestic12.co.uk/bot.php?+)" "-"
69.145.88.243 - - [06/Jun/2007:18:53:58 -0400] "GET /quiz_solutions/ HTTP/1.1" 200 1903 www.on-line-teaching-videos.com "http://www.on-line-teaching-videos.com/quiz_solutions" "MJ12bot/v1.2.0 (http://majestic12.co.uk/bot.php?+)" "-"
208.36.144.8 - - [06/Jun/2007:19:00:55 -0400] "GET /robots.txt HTTP/1.0" 404 2294 www.davemease.com "-" "Mozilla/5.0 (Twiceler-0.9 http://www.cuill.com/twiceler/robot.html)" "-"
128.194.135.94 - - [06/Jun/2007:19:13:57 -0400] "GET /robots.txt HTTP/1.1" 404 2294 www.davemease.com "-" "IRLbot/3.0 (compatible; MSIE 6.0; http://irl.cs.tamu.edu/crawler)" "-"
65.214.39.180 - - [06/Jun/2007:19:22:06 -0400] "GET /football HTTP/1.1" 301 250 www.davemease.com "-" "Mozilla/5.0 (X11; U; Linux i686; en-US; rv:1.9a1) Gecko/20070308 Minefield/3.0a1" "-"
65.214.39.180 - - [06/Jun/2007:19:22:06 -0400] "GET /football/ HTTP/1.1" 200 280535 www.davemease.com "-" "Mozilla/5.0 (X11; U; Linux i686; en-US; rv:1.9a1) Gecko/20070308 Minefield/3.0a1" "-"
128.194.135.94 - - [06/Jun/2007:19:23:57 -0400] "GET /football/ HTTP/1.1" 200 280535 www.davemease.com "-" "IRLbot/3.0 (compatible; MSIE 6.0; http://irl.cs.tamu.edu/crawler)" "-"
128.194.135.94 - - [06/Jun/2007:19:37:10 -0400] "GET /football/SAScode.html HTTP/1.1" 200 19371 www.davemease.com "-" "IRLbot/3.0 (compatible; MSIE 6.0; http://irl.cs.tamu.edu/crawler)" "-"
128.194.135.94 - - [06/Jun/2007:19:44:53 -0400] "GET /football/Rcode.html HTTP/1.1" 200 21115 www.davemease.com "-" "IRLbot/3.0 (compatible; MSIE 6.0; http://irl.cs.tamu.edu/crawler)" "-"
128.194.135.94 - - [06/Jun/2007:19:51:59 -0400] "GET / HTTP/1.1" 200 2784 www.davemease.com "-" "IRLbot/3.0 (compatible; MSIE 6.0; http://irl.cs.tamu.edu/crawler)" "-"
69.107.81.29 - - [06/Jun/2007:20:01:06 -0400] "GET / HTTP/1.1" 200 2784 www.davemease.com "http://www.google.com/search?hl=en&q=david+mease&btnG=Search" "Mozilla/5.0 (Macintosh; U; PPC Mac OS X; en) AppleWebKit/418.8 (KHTML, like Gecko) Safari/419.3" "-"
69.107.81.29 - - [06/Jun/2007:20:01:06 -0400] "GET /favicon.ico HTTP/1.1" 404 2295 www.davemease.com "-" "Mozilla/5.0 (Macintosh; U; PPC Mac OS X; en) AppleWebKit/418.8 (KHTML, like Gecko) Safari/419.3" "-"
69.107.81.29 - - [06/Jun/2007:20:01:06 -0400] "GET /mease.jpg HTTP/1.1" 200 4583 www.davemease.com "http://www.davemease.com/" "Mozilla/5.0 (Macintosh; U; PPC Mac OS X; en) AppleWebKit/418.8 (KHTML, like Gecko) Safari/419.3" "-"
198.129.90.26 - - [06/Jun/2007:20:01:49 -0400] "GET / HTTP/1.1" 200 2784 www.davemease.com "http://72.14.253.104/search?q=cache:9MXsSAUwmeMJ:members.accesstoledo.com/measefam/mease_cv.html+mease+statistics+stanford&hl=en&ct=clnk&cd=3&gl=us" "Mozilla/4.0 (compatible; MSIE 6.0; Windows NT 5.1; SV1; InfoPath.1)" "-"
198.129.90.26 - - [06/Jun/2007:20:01:49 -0400] "GET /mease.jpg HTTP/1.1" 200 4583 www.davemease.com "http://www.davemease.com/" "Mozilla/4.0 (compatible; MSIE 6.0; Windows NT 5.1; SV1; InfoPath.1)" "-"
198.129.90.26 - - [06/Jun/2007:20:02:16 -0400] "GET /football HTTP/1.1" 301 250 www.davemease.com "http://www.davemease.com/" "Mozilla/4.0 (compatible; MSIE 6.0; Windows NT 5.1; SV1; InfoPath.1)" "-"
198.129.90.26 - - [06/Jun/2007:20:02:16 -0400] "GET /football/ HTTP/1.1" 200 280535 www.davemease.com "http://www.davemease.com/" "Mozilla/4.0 (compatible; MSIE 6.0; Windows NT 5.1; SV1; InfoPath.1)" "-"
198.129.90.26 - - [06/Jun/2007:20:02:50 -0400] "GET /papers HTTP/1.1" 301 248 www.davemease.com "http://www.davemease.com/" "Mozilla/4.0 (compatible; MSIE 6.0; Windows NT 5.1; SV1; InfoPath.1)" "-"
198.129.90.26 - - [06/Jun/2007:20:02:50 -0400] "GET /papers/ HTTP/1.1" 200 1510 www.davemease.com "http://www.davemease.com/" "Mozilla/4.0 (compatible; MSIE 6.0; Windows NT 5.1; SV1; InfoPath.1)" "-"
198.129.90.26 - - [06/Jun/2007:20:03:51 -0400] "GET /papers HTTP/1.1" 301 248 www.davemease.com "http://www.davemease.com/" "Mozilla/4.0 (compatible; MSIE 6.0; Windows NT 5.1; SV1; InfoPath.1)" "-"
65.57.245.11 - - [06/Jun/2007:20:34:52 -0400] "GET / HTTP/1.1" 200 524 www.stats202.com "-" "Mozilla/4.0 (compatible; MSIE 6.0; Windows NT 5.1; SV1; .NET CLR 1.1.4322)" "-"
218.56.91.19 - - [06/Jun/2007:21:31:50 -0400] "GET / HTTP/1.1" 200 2784 www.davemease.com "-" "Mozilla/4.0 (compatible; MSIE 6.0; Windows NT 5.0)" "-"
128.194.135.94 - - [06/Jun/2007:22:01:53 -0400] "GET /football HTTP/1.1" 301 250 www.davemease.com "-" "IRLbot/3.0 (compatible; MSIE 6.0; http://irl.cs.tamu.edu/crawler)" "-"
128.194.135.94 - - [06/Jun/2007:22:03:07 -0400] "GET /papers HTTP/1.1" 301 248 www.davemease.com "-" "IRLbot/3.0 (compatible; MSIE 6.0; http://irl.cs.tamu.edu/crawler)" "-"
74.6.87.40 - - [06/Jun/2007:22:19:12 -0400] "GET /robots.txt HTTP/1.0" 404 2294 www.davemease.com "-" "Mozilla/5.0 (compatible; Yahoo! Slurp; http://help.yahoo.com/help/us/ysearch/slurp)" "-"
74.6.85.232 - - [06/Jun/2007:22:19:13 -0400] "GET /football/ HTTP/1.0" 200 - www.davemease.com "-" "Mozilla/5.0 (compatible; Yahoo! Slurp; http://help.yahoo.com/help/us/ysearch/slurp)" "-"
66.194.6.75 - - [06/Jun/2007:23:52:51 -0400] "GET / HTTP/1.1" 403 626 www.on-line-teaching-videos.com "-" "Mozilla/5.0 (compatible; Konqueror/3.0-rc6; i686 Linux; 20020120)" "-"
65.214.45.41 - - [07/Jun/2007:00:28:07 -0400] "GET /robots.txt HTTP/1.0" 404 2294 www.davemease.com "-" "Mozilla/2.0 (compatible; Ask Jeeves/Teoma; +http://about.ask.com/en/docs/about/webmasters.shtml)" "-"
65.214.45.41 - - [07/Jun/2007:00:28:09 -0400] "GET / HTTP/1.0" 200 2784 www.davemease.com "-" "Mozilla/2.0 (compatible; Ask Jeeves/Teoma; +http://about.ask.com/en/docs/about/webmasters.shtml)" "-"
66.249.67.1 - - [07/Jun/2007:00:54:19 -0400] "GET /robots.txt HTTP/1.1" 404 2294 www.davemease.com "-" "Mozilla/5.0 (compatible; Googlebot/2.1; +http://www.google.com/bot.html)" "-"
66.249.67.1 - - [07/Jun/2007:00:54:19 -0400] "GET /football/SAScode.html HTTP/1.1" 200 19371 www.davemease.com "-" "Mozilla/5.0 (compatible; Googlebot/2.1; +http://www.google.com/bot.html)" "-"
66.194.6.91 - - [07/Jun/2007:03:41:09 -0400] "GET / HTTP/1.1" 200 2784 www.davemease.com "-" "Mozilla/5.0 (compatible; Konqueror/3.1-rc5; i686 Linux; 20021206)" "-"
65.214.45.100 - - [07/Jun/2007:04:20:20 -0400] "GET /robots.txt HTTP/1.0" 404 2308 www.on-line-teaching-videos.com "-" "Mozilla/5.0 (compatible; Ask Jeeves/Teoma; +http://about.ask.com/en/docs/about/webmasters.shtml)" "-"
65.214.45.100 - - [07/Jun/2007:04:20:20 -0400] "GET / HTTP/1.0" 403 626 www.on-line-teaching-videos.com "-" "Mozilla/5.0 (compatible; Ask Jeeves/Teoma; +http://about.ask.com/en/docs/about/webmasters.shtml)" "-"
72.148.89.217 - - [07/Jun/2007:04:29:10 -0400] "GET /football/Rcode.html HTTP/1.1" 200 21115 www.davemease.com "http://www.google.com/search?hl=en&q=football+teams+that+begin+with+R" "Mozilla/4.0 (compatible; MSIE 7.0; Windows NT 6.0; SLCC1; .NET CLR 2.0.50727; Media Center PC 5.0; .NET CLR 3.0.04506)" "-"
72.148.89.217 - - [07/Jun/2007:04:29:11 -0400] "GET /favicon.ico HTTP/1.1" 404 2295 www.davemease.com "-" "Mozilla/4.0 (compatible; MSIE 7.0; Windows NT 6.0; SLCC1; .NET CLR 2.0.50727; Media Center PC 5.0; .NET CLR 3.0.04506)" "-"
72.148.89.217 - - [07/Jun/2007:04:29:14 -0400] "GET /favicon.ico HTTP/1.1" 404 2295 www.davemease.com "-" "Mozilla/5.0 (compatible; Google Desktop)" "-"
66.249.67.1 - - [07/Jun/2007:05:13:03 -0400] "GET /robots.txt HTTP/1.1" 404 2308 www.on-line-teaching-videos.com "-" "Mozilla/5.0 (compatible; Googlebot/2.1; +http://www.google.com/bot.html)" "-"
66.249.67.1 - - [07/Jun/2007:05:13:03 -0400] "GET /quizzes_and_exams/chapter2_part2_quiz.doc HTTP/1.1" 200 71680 www.on-line-teaching-videos.com "-" "Mozilla/5.0 (compatible; Googlebot/2.1; +http://www.google.com/bot.html)" "-"
66.249.67.1 - - [07/Jun/2007:05:26:06 -0400] "GET /exam_solutions/exam1_solutions.doc HTTP/1.1" 200 658432 www.on-line-teaching-videos.com "-" "Mozilla/5.0 (compatible; Googlebot/2.1; +http://www.google.com/bot.html)" "-"
65.214.44.81 - - [07/Jun/2007:05:40:04 -0400] "GET /robots.txt HTTP/1.0" 404 2294 www.davemease.com "-" "Mozilla/2.0 (compatible; Ask Jeeves/Teoma; +http://sp.ask.com/docs/about/tech_crawling.html)" "-"
65.214.44.81 - - [07/Jun/2007:05:40:22 -0400] "GET / HTTP/1.0" 200 2784 www.davemease.com "-" "Mozilla/2.0 (compatible; Ask Jeeves/Teoma; +http://sp.ask.com/docs/about/tech_crawling.html)" "-"
66.249.67.1 - - [07/Jun/2007:07:03:24 -0400] "GET /robots.txt HTTP/1.1" 404 2294 www.davemease.com "-" "Mozilla/5.0 (compatible; Googlebot/2.1; +http://www.google.com/bot.html)" "-"
66.249.67.1 - - [07/Jun/2007:07:03:24 -0400] "GET / HTTP/1.1" 200 - www.davemease.com "-" "Mozilla/5.0 (compatible; Googlebot/2.1; +http://www.google.com/bot.html)" "-"
65.214.45.101 - - [07/Jun/2007:07:31:17 -0400] "GET /robots.txt HTTP/1.0" 404 2294 www.davemease.com "-" "Mozilla/5.0 (compatible; Ask Jeeves/Teoma; +http://about.ask.com/en/docs/about/webmasters.shtml)" "-"
65.214.45.101 - - [07/Jun/2007:07:31:17 -0400] "GET /football/Rcode.html HTTP/1.0" 200 21115 www.davemease.com "-" "Mozilla/5.0 (compatible; Ask Jeeves/Teoma; +http://about.ask.com/en/docs/about/webmasters.shtml)" "-"
192.35.79.70 - - [07/Jun/2007:07:51:16 -0400] "GET /favicon.ico HTTP/1.1" 404 2295 www.davemease.com "-" "Mozilla/4.0 (compatible; MSIE 6.0; Windows NT 5.1; SV1; .NET CLR 1.1.4322; InfoPath.1; .NET CLR 2.0.50727; .NET CLR 3.0.04506.30)" "-"
192.35.79.70 - - [07/Jun/2007:07:51:16 -0400] "GET /favicon.ico HTTP/1.1" 404 2295 www.davemease.com "-" "Mozilla/4.0 (compatible; MSIE 6.0; Windows NT 5.1; SV1; .NET CLR 1.1.4322; InfoPath.1; .NET CLR 2.0.50727; .NET CLR 3.0.04506.30)" "-"
213.249.204.162 - - [07/Jun/2007:08:28:24 -0400] "GET / HTTP/1.1" 200 2784 www.davemease.com "http://www.cob.sjsu.edu/mease_d/" "Mozilla/4.0 (compatible; MSIE 7.0; Windows NT 5.1; .NET CLR 1.1.4322; .NET CLR 2.0.50727; .NET CLR 3.0.04506.30)" "-"
213.249.204.162 - - [07/Jun/2007:08:28:24 -0400] "GET /mease.jpg HTTP/1.1" 200 4583 www.davemease.com "http://www.davemease.com/" "Mozilla/4.0 (compatible; MSIE 7.0; Windows NT 5.1; .NET CLR 1.1.4322; .NET CLR 2.0.50727; .NET CLR 3.0.04506.30)" "-"
213.249.204.162 - - [07/Jun/2007:08:28:24 -0400] "GET /favicon.ico HTTP/1.1" 404 2295 www.davemease.com "-" "Mozilla/4.0 (compatible; MSIE 7.0; Windows NT 5.1; .NET CLR 1.1.4322; .NET CLR 2.0.50727; .NET CLR 3.0.04506.30)" "-"
213.249.204.162 - - [07/Jun/2007:08:28:46 -0400] "GET /football HTTP/1.1" 301 250 www.davemease.com "http://www.davemease.com/" "Mozilla/4.0 (compatible; MSIE 7.0; Windows NT 5.1; .NET CLR 1.1.4322; .NET CLR 2.0.50727; .NET CLR 3.0.04506.30)" "-"
213.249.204.162 - - [07/Jun/2007:08:28:46 -0400] "GET /football/ HTTP/1.1" 200 280535 www.davemease.com "http://www.davemease.com/" "Mozilla/4.0 (compatible; MSIE 7.0; Windows NT 5.1; .NET CLR 1.1.4322; .NET CLR 2.0.50727; .NET CLR 3.0.04506.30)" "-"
213.249.204.162 - - [07/Jun/2007:08:29:30 -0400] "GET /papers HTTP/1.1" 301 248 www.davemease.com "http://www.davemease.com/" "Mozilla/4.0 (compatible; MSIE 7.0; Windows NT 5.1; .NET CLR 1.1.4322; .NET CLR 2.0.50727; .NET CLR 3.0.04506.30)" "-"
213.249.204.162 - - [07/Jun/2007:08:29:30 -0400] "GET /papers/ HTTP/1.1" 200 1510 www.davemease.com "http://www.davemease.com/" "Mozilla/4.0 (compatible; MSIE 7.0; Windows NT 5.1; .NET CLR 1.1.4322; .NET CLR 2.0.50727; .NET CLR 3.0.04506.30)" "-"
213.249.204.162 - - [07/Jun/2007:08:29:42 -0400] "GET /contraryevidence HTTP/1.1" 301 258 www.davemease.com "http://www.davemease.com/papers/" "Mozilla/4.0 (compatible; MSIE 7.0; Windows NT 5.1; .NET CLR 1.1.4322; .NET CLR 2.0.50727; .NET CLR 3.0.04506.30)" "-"
213.249.204.162 - - [07/Jun/2007:08:29:42 -0400] "GET /contraryevidence/ HTTP/1.1" 200 3072 www.davemease.com "http://www.davemease.com/papers/" "Mozilla/4.0 (compatible; MSIE 7.0; Windows NT 5.1; .NET CLR 1.1.4322; .NET CLR 2.0.50727; .NET CLR 3.0.04506.30)" "-"
74.6.75.26 - - [07/Jun/2007:08:57:21 -0400] "GET /robots.txt HTTP/1.0" 404 2294 www.davemease.com "-" "Mozilla/5.0 (compatible; Yahoo! Slurp; http://help.yahoo.com/help/us/ysearch/slurp)" "-"
74.6.73.223 - - [07/Jun/2007:08:57:21 -0400] "GET /football/ HTTP/1.0" 200 - www.davemease.com "-" "Mozilla/5.0 (compatible; Yahoo! Slurp; http://help.yahoo.com/help/us/ysearch/slurp)" "-"
24.253.205.190 - - [07/Jun/2007:09:41:56 -0400] "GET /football/ HTTP/1.1" 200 - www.davemease.com "http://www.mratings.com/cf/compare.htm" "Mozilla/4.0 (compatible; MSIE 7.0; Windows NT 5.1; .NET CLR 1.1.4322)" "-"
62.163.80.205 - - [07/Jun/2007:09:58:58 -0400] "GET / HTTP/1.1" 200 2784 www.davemease.com "-" "Java/1.6.0_01" "-"
62.163.80.205 - - [07/Jun/2007:09:58:58 -0400] "GET /football HTTP/1.1" 301 250 www.davemease.com "-" "Java/1.6.0_01" "-"
62.163.80.205 - - [07/Jun/2007:09:58:58 -0400] "GET /football/ HTTP/1.1" 200 280535 www.davemease.com "-" "Java/1.6.0_01" "-"
62.163.80.205 - - [07/Jun/2007:09:59:01 -0400] "GET /papers HTTP/1.1" 301 248 www.davemease.com "-" "Java/1.6.0_01" "-"
62.163.80.205 - - [07/Jun/2007:09:59:01 -0400] "GET /papers/ HTTP/1.1" 200 1510 www.davemease.com "-" "Java/1.6.0_01" "-"
62.163.80.205 - - [07/Jun/2007:09:59:01 -0400] "GET /football/Rcode.html HTTP/1.1" 200 21115 www.davemease.com "-" "Java/1.6.0_01" "-"
62.163.80.205 - - [07/Jun/2007:09:59:02 -0400] "GET /football/SAScode.html HTTP/1.1" 200 19371 www.davemease.com "-" "Java/1.6.0_01" "-"
62.163.80.205 - - [07/Jun/2007:09:59:03 -0400] "GET /contraryevidence HTTP/1.1" 301 258 www.davemease.com "-" "Java/1.6.0_01" "-"
62.163.80.205 - - [07/Jun/2007:09:59:03 -0400] "GET /contraryevidence/ HTTP/1.1" 200 3072 www.davemease.com "-" "Java/1.6.0_01" "-"
62.163.80.205 - - [07/Jun/2007:09:59:03 -0400] "GET /football/2006afterbowlsrankings_files/filelist.xml HTTP/1.1" 404 2334 www.davemease.com "-" "Java/1.6.0_01" "-"
62.163.80.205 - - [07/Jun/2007:09:59:04 -0400] "GET /football/Copy%20of%20David%20Mease's%20Football%20Rankings_files/filelist.xml HTTP/1.1" 404 2351 www.davemease.com "-" "Java/1.6.0_01" "-"
62.163.80.205 - - [07/Jun/2007:09:59:04 -0400] "GET /football/David%20Mease's%20Football%20Rankings_files/filelist.xml HTTP/1.1" 404 2343 www.davemease.com "-" "Java/1.6.0_01" "-"
65.55.215.51 - - [07/Jun/2007:10:31:38 -0400] "GET /robots.txt HTTP/1.0" 404 2294 www.davemease.com "-" "msnbot/1.0 (+http://search.msn.com/msnbot.htm)" "-"
65.55.215.51 - - [07/Jun/2007:10:31:38 -0400] "GET /football/ HTTP/1.0" 200 280535 www.davemease.com "-" "msnbot/1.0 (+http://search.msn.com/msnbot.htm)" "-"
24.99.151.26 - - [07/Jun/2007:12:09:03 -0400] "GET / HTTP/1.1" 200 2784 www.davemease.com "http://www.google.com/search?hl=en&q=david+mease" "Mozilla/4.0 (compatible; MSIE 7.0; Windows NT 5.1; .NET CLR 1.1.4322; InfoPath.1; .NET CLR 2.0.50727)" "-"
24.99.151.26 - - [07/Jun/2007:12:09:03 -0400] "GET /mease.jpg HTTP/1.1" 200 4583 www.davemease.com "http://www.davemease.com/" "Mozilla/4.0 (compatible; MSIE 7.0; Windows NT 5.1; .NET CLR 1.1.4322; InfoPath.1; .NET CLR 2.0.50727)" "-"
24.99.151.26 - - [07/Jun/2007:12:09:03 -0400] "GET /favicon.ico HTTP/1.1" 404 2295 www.davemease.com "-" "Mozilla/4.0 (compatible; MSIE 7.0; Windows NT 5.1; .NET CLR 1.1.4322; InfoPath.1; .NET CLR 2.0.50727)" "-"
24.99.151.26 - - [07/Jun/2007:12:11:32 -0400] "GET / HTTP/1.1" 200 - www.davemease.com "http://www.google.com/search?hl=en&q=david+mease&btnG=Google+Search" "Mozilla/4.0 (compatible; MSIE 7.0; Windows NT 5.1; .NET CLR 1.1.4322; InfoPath.1; .NET CLR 2.0.50727)" "-"
24.99.151.26 - - [07/Jun/2007:12:11:32 -0400] "GET /mease.jpg HTTP/1.1" 304 - www.davemease.com "http://www.davemease.com/" "Mozilla/4.0 (compatible; MSIE 7.0; Windows NT 5.1; .NET CLR 1.1.4322; InfoPath.1; .NET CLR 2.0.50727)" "-"
65.57.245.11 - - [07/Jun/2007:12:47:06 -0400] "GET / HTTP/1.1" 200 2784 www.davemease.com "http://www.google.com/search?hl=en&q=mease" "Mozilla/4.0 (compatible; MSIE 6.0; Windows NT 5.1; SV1; .NET CLR 1.1.4322)" "-"
65.57.245.11 - - [07/Jun/2007:12:47:06 -0400] "GET /mease.jpg HTTP/1.1" 200 4583 www.davemease.com "http://www.davemease.com/" "Mozilla/4.0 (compatible; MSIE 6.0; Windows NT 5.1; SV1; .NET CLR 1.1.4322)" "-"
207.173.155.9 - - [07/Jun/2007:13:16:47 -0400] "GET /homework.html HTTP/1.1" 200 7482 www.on-line-teaching-videos.com "http://www.google.com/search?q=excel+and+bar+graph+with+Confidence+interval&hl=en&start=20&sa=N" "Mozilla/5.0 (Windows; U; Windows NT 5.1; en-US; rv:1.8.1.4) Gecko/20070515 Firefox/2.0.0.4" "-"
207.173.155.9 - - [07/Jun/2007:13:16:47 -0400] "GET /favicon.ico HTTP/1.1" 404 2309 www.on-line-teaching-videos.com "-" "Mozilla/5.0 (Windows; U; Windows NT 5.1; en-US; rv:1.8.1.4) Gecko/20070515 Firefox/2.0.0.4" "-"
82.20.126.64 - - [07/Jun/2007:15:22:41 -0400] "GET /favicon.ico HTTP/1.1" 404 2295 www.davemease.com "-" "CFNetwork/129.20" "-"
128.12.142.207 - - [07/Jun/2007:15:53:04 -0400] "GET / HTTP/1.1" 200 2784 www.davemease.com "http://www.google.com/search?hl=en&q=david+Mease" "Mozilla/4.0 (compatible; MSIE 7.0; Windows NT 5.1; .NET CLR 1.1.4322; .NET CLR 2.0.50727; InfoPath.1)" "-"
128.12.142.207 - - [07/Jun/2007:15:53:04 -0400] "GET /mease.jpg HTTP/1.1" 200 4583 www.davemease.com "http://www.davemease.com/" "Mozilla/4.0 (compatible; MSIE 7.0; Windows NT 5.1; .NET CLR 1.1.4322; .NET CLR 2.0.50727; InfoPath.1)" "-"
128.12.142.207 - - [07/Jun/2007:15:53:04 -0400] "GET /favicon.ico HTTP/1.1" 404 2295 www.davemease.com "-" "Mozilla/4.0 (compatible; MSIE 7.0; Windows NT 5.1; .NET CLR 1.1.4322; .NET CLR 2.0.50727; InfoPath.1)" "-"
128.194.135.94 - - [07/Jun/2007:15:58:15 -0400] "GET /robots.txt HTTP/1.1" 404 2294 www.davemease.com "-" "IRLbot/3.0 (compatible; MSIE 6.0; http://irl.cs.tamu.edu/crawler)" "-"
128.12.142.207 - - [07/Jun/2007:16:00:51 -0400] "GET / HTTP/1.1" 200 - www.davemease.com "http://www.google.com/search?hl=en&q=david+Mease" "Mozilla/4.0 (compatible; MSIE 7.0; Windows NT 5.1; .NET CLR 1.1.4322; .NET CLR 2.0.50727; InfoPath.1)" "-"
128.12.142.207 - - [07/Jun/2007:16:00:51 -0400] "GET /mease.jpg HTTP/1.1" 304 - www.davemease.com "http://www.davemease.com/" "Mozilla/4.0 (compatible; MSIE 7.0; Windows NT 5.1; .NET CLR 1.1.4322; .NET CLR 2.0.50727; InfoPath.1)" "-"
128.194.135.94 - - [07/Jun/2007:16:22:26 -0400] "GET /robots.txt HTTP/1.1" 404 2294 www.davemease.com "-" "IRLbot/3.0 (compatible; MSIE 6.0; http://irl.cs.tamu.edu/crawler)" "-"
128.194.135.94 - - [07/Jun/2007:16:32:10 -0400] "GET /football/ HTTP/1.1" 200 280535 www.davemease.com "-" "IRLbot/3.0 (compatible; MSIE 6.0; http://irl.cs.tamu.edu/crawler)" "-"
74.6.75.26 - - [07/Jun/2007:16:42:19 -0400] "GET /robots.txt HTTP/1.0" 404 2294 www.davemease.com "-" "Mozilla/5.0 (compatible; Yahoo! Slurp; http://help.yahoo.com/help/us/ysearch/slurp)" "-"
74.6.18.113 - - [07/Jun/2007:16:42:27 -0400] "GET /papers HTTP/1.0" 301 236 www.davemease.com "-" "Mozilla/5.0 (compatible; Yahoo! Slurp; http://help.yahoo.com/help/us/ysearch/slurp)" "-"
74.6.18.113 - - [07/Jun/2007:16:44:14 -0400] "GET /papers/ HTTP/1.0" 200 1510 www.davemease.com "-" "Mozilla/5.0 (compatible; Yahoo! Slurp; http://help.yahoo.com/help/us/ysearch/slurp)" "-"
128.194.135.94 - - [07/Jun/2007:16:53:08 -0400] "GET /robots.txt HTTP/1.1" 404 2294 www.davemease.com "-" "IRLbot/3.0 (compatible; MSIE 6.0; http://irl.cs.tamu.edu/crawler)" "-"
128.194.135.94 - - [07/Jun/2007:17:03:53 -0400] "GET /football/ HTTP/1.1" 200 280535 www.davemease.com "-" "IRLbot/3.0 (compatible; MSIE 6.0; http://irl.cs.tamu.edu/crawler)" "-"
128.194.135.94 - - [07/Jun/2007:17:17:22 -0400] "GET /football/SAScode.html HTTP/1.1" 200 19371 www.davemease.com "-" "IRLbot/3.0 (compatible; MSIE 6.0; http://irl.cs.tamu.edu/crawler)" "-"
128.194.135.94 - - [07/Jun/2007:17:25:06 -0400] "GET / HTTP/1.1" 200 2784 www.davemease.com "-" "IRLbot/3.0 (compatible; MSIE 6.0; http://irl.cs.tamu.edu/crawler)" "-"
128.194.135.94 - - [07/Jun/2007:17:32:54 -0400] "GET /football/Rcode.html HTTP/1.1" 200 21115 www.davemease.com "-" "IRLbot/3.0 (compatible; MSIE 6.0; http://irl.cs.tamu.edu/crawler)" "-"
128.194.135.94 - - [07/Jun/2007:19:53:39 -0400] "GET /papers HTTP/1.1" 301 248 www.davemease.com "-" "IRLbot/3.0 (compatible; MSIE 6.0; http://irl.cs.tamu.edu/crawler)" "-"
128.194.135.94 - - [07/Jun/2007:19:54:43 -0400] "GET /football HTTP/1.1" 301 250 www.davemease.com "-" "IRLbot/3.0 (compatible; MSIE 6.0; http://irl.cs.tamu.edu/crawler)" "-"
66.249.67.1 - - [07/Jun/2007:22:30:50 -0400] "GET /robots.txt HTTP/1.1" 404 2294 www.davemease.com "-" "Mozilla/5.0 (compatible; Googlebot/2.1; +http://www.google.com/bot.html)" "-"
66.249.67.1 - - [07/Jun/2007:22:30:51 -0400] "GET / HTTP/1.1" 200 2784 www.davemease.com "-" "Mozilla/5.0 (compatible; Googlebot/2.1; +http://www.google.com/bot.html)" "-"
128.12.143.24 - - [07/Jun/2007:23:05:51 -0400] "GET / HTTP/1.1" 200 2784 www.davemease.com "http://www.google.com/search?q=Mease%2C+David&ie=utf-8&oe=utf-8&aq=t&rls=org.mozilla:en-US:official&client=firefox-a" "Mozilla/5.0 (Macintosh; U; PPC Mac OS X Mach-O; en-US; rv:1.8.1.4) Gecko/20070515 Firefox/2.0.0.4" "-"
128.12.143.24 - - [07/Jun/2007:23:05:51 -0400] "GET /mease.jpg HTTP/1.1" 200 4583 www.davemease.com "http://www.davemease.com/" "Mozilla/5.0 (Macintosh; U; PPC Mac OS X Mach-O; en-US; rv:1.8.1.4) Gecko/20070515 Firefox/2.0.0.4" "-"
128.12.143.24 - - [07/Jun/2007:23:05:51 -0400] "GET /favicon.ico HTTP/1.1" 404 2295 www.davemease.com "-" "Mozilla/5.0 (Macintosh; U; PPC Mac OS X Mach-O; en-US; rv:1.8.1.4) Gecko/20070515 Firefox/2.0.0.4" "-"
128.12.143.24 - - [07/Jun/2007:23:06:29 -0400] "GET /football HTTP/1.1" 301 250 www.davemease.com "http://www.davemease.com/" "Mozilla/5.0 (Macintosh; U; PPC Mac OS X Mach-O; en-US; rv:1.8.1.4) Gecko/20070515 Firefox/2.0.0.4" "-"
128.12.143.24 - - [07/Jun/2007:23:06:29 -0400] "GET /football/ HTTP/1.1" 200 280535 www.davemease.com "http://www.davemease.com/" "Mozilla/5.0 (Macintosh; U; PPC Mac OS X Mach-O; en-US; rv:1.8.1.4) Gecko/20070515 Firefox/2.0.0.4" "-"
74.6.19.105 - - [07/Jun/2007:23:11:55 -0400] "GET /robots.txt HTTP/1.0" 404 2294 www.davemease.com "-" "Mozilla/5.0 (compatible; Yahoo! Slurp; http://help.yahoo.com/help/us/ysearch/slurp)" "-"
74.6.20.227 - - [07/Jun/2007:23:13:36 -0400] "GET /football HTTP/1.0" 301 238 www.davemease.com "-" "Mozilla/5.0 (compatible; Yahoo! Slurp; http://help.yahoo.com/help/us/ysearch/slurp)" "-"
207.46.98.136 - - [07/Jun/2007:23:13:47 -0400] "GET /robots.txt HTTP/1.0" 404 2294 www.davemease.com "-" "msnbot/1.0 (+http://search.msn.com/msnbot.htm)" "-"
207.46.98.136 - - [07/Jun/2007:23:13:47 -0400] "GET /contraryevidence/ HTTP/1.0" 200 3072 www.davemease.com "-" "msnbot/1.0 (+http://search.msn.com/msnbot.htm)" "-"
74.6.20.227 - - [07/Jun/2007:23:15:17 -0400] "GET /football/ HTTP/1.0" 200 280535 www.davemease.com "-" "Mozilla/5.0 (compatible; Yahoo! Slurp; http://help.yahoo.com/help/us/ysearch/slurp)" "-"
66.249.67.1 - - [08/Jun/2007:00:03:46 -0400] "GET /robots.txt HTTP/1.1" 404 2308 www.on-line-teaching-videos.com "-" "Mozilla/5.0 (compatible; Googlebot/2.1; +http://www.google.com/bot.html)" "-"
66.249.67.1 - - [08/Jun/2007:00:03:46 -0400] "GET /quizzes_and_exams/formula_sheet_for_chapter_5_quiz.ppt HTTP/1.1" 200 93696 www.on-line-teaching-videos.com "-" "Mozilla/5.0 (compatible; Googlebot/2.1; +http://www.google.com/bot.html)" "-"
66.249.67.1 - - [08/Jun/2007:00:18:05 -0400] "GET /exam_solutions/final_solutions.doc HTTP/1.1" 200 677376 www.on-line-teaching-videos.com "-" "Mozilla/5.0 (compatible; Googlebot/2.1; +http://www.google.com/bot.html)" "-"
74.6.19.105 - - [08/Jun/2007:00:57:38 -0400] "GET /robots.txt HTTP/1.0" 404 2294 www.davemease.com "-" "Mozilla/5.0 (compatible; Yahoo! Slurp; http://help.yahoo.com/help/us/ysearch/slurp)" "-"
74.6.23.208 - - [08/Jun/2007:00:59:06 -0400] "GET /football/Rcode.html HTTP/1.0" 200 21115 www.davemease.com "-" "Mozilla/5.0 (compatible; Yahoo! Slurp; http://help.yahoo.com/help/us/ysearch/slurp)" "-"
74.6.26.212 - - [08/Jun/2007:01:13:16 -0400] "GET /football/ HTTP/1.0" 200 - www.davemease.com "-" "Mozilla/5.0 (compatible; Yahoo! Slurp; http://help.yahoo.com/help/us/ysearch/slurp)" "-"
