74.6.86.230 - - [24/May/2007:13:40:48 -0400] "GET /robots.txt HTTP/1.0" 404 2308 www.on-line-teaching-videos.com "-" "Mozilla/5.0 (compatible; Yahoo! Slurp; http://help.yahoo.com/help/us/ysearch/slurp)" "-"
74.6.86.168 - - [24/May/2007:13:40:48 -0400] "GET /solutions HTTP/1.0" 304 - www.on-line-teaching-videos.com "-" "Mozilla/5.0 (compatible; Yahoo! Slurp; http://help.yahoo.com/help/us/ysearch/slurp)" "-"
207.46.98.136 - - [24/May/2007:13:58:26 -0400] "GET /robots.txt HTTP/1.0" 404 2294 www.davemease.com "-" "msnbot/1.0 (+http://search.msn.com/msnbot.htm)" "-"
207.46.98.136 - - [24/May/2007:13:58:26 -0400] "GET /papers/paper.pdf HTTP/1.0" 404 2300 www.davemease.com "-" "msnbot/1.0 (+http://search.msn.com/msnbot.htm)" "-"
76.102.255.132 - - [24/May/2007:14:12:38 -0400] "GET / HTTP/1.1" 200 2784 www.davemease.com "-" "Mozilla/5.0 (Windows; U; Windows NT 5.1; en-US; rv:1.8.1.3) Gecko/20070309 Firefox/2.0.0.3" "-"
76.102.255.132 - - [24/May/2007:14:12:39 -0400] "GET /mease.jpg HTTP/1.1" 200 4583 www.davemease.com "http://www.davemease.com/" "Mozilla/5.0 (Windows; U; Windows NT 5.1; en-US; rv:1.8.1.3) Gecko/20070309 Firefox/2.0.0.3" "-"
76.102.255.132 - - [24/May/2007:14:12:39 -0400] "GET /favicon.ico HTTP/1.1" 404 2295 www.davemease.com "-" "Mozilla/5.0 (Windows; U; Windows NT 5.1; en-US; rv:1.8.1.3) Gecko/20070309 Firefox/2.0.0.3" "-"
75.61.114.243 - - [24/May/2007:15:04:11 -0400] "GET / HTTP/1.1" 200 2784 davemease.com "-" "Opera/9.02 (Windows NT 5.1; U; en)" "-"
75.61.114.243 - - [24/May/2007:15:04:11 -0400] "GET /mease.jpg HTTP/1.1" 200 4583 davemease.com "http://davemease.com/" "Opera/9.02 (Windows NT 5.1; U; en)" "-"
75.61.114.243 - - [24/May/2007:15:04:11 -0400] "GET /favicon.ico HTTP/1.1" 404 2291 davemease.com "http://davemease.com/" "Opera/9.02 (Windows NT 5.1; U; en)" "-"
66.249.67.15 - - [24/May/2007:15:07:33 -0400] "GET /robots.txt HTTP/1.1" 404 2294 www.davemease.com "-" "Mozilla/5.0 (compatible; Googlebot/2.1; +http://www.google.com/bot.html)" "-"
66.249.67.15 - - [24/May/2007:15:07:33 -0400] "GET /football/SAScode.html HTTP/1.1" 200 19371 www.davemease.com "-" "Mozilla/5.0 (compatible; Googlebot/2.1; +http://www.google.com/bot.html)" "-"
63.123.238.8 - - [24/May/2007:15:10:34 -0400] "GET /robots.txt HTTP/1.1" 404 2294 www.davemease.com "-" "Mozilla/2.0 (compatible; Ask Jeeves/Teoma)" "-"
63.123.238.8 - - [24/May/2007:15:10:34 -0400] "GET / HTTP/1.1" 200 2784 www.davemease.com "-" "Mozilla/2.0 (compatible; Ask Jeeves/Teoma)" "-"
216.145.49.15 - - [24/May/2007:16:11:10 -0400] "GET / HTTP/1.1" 200 2784 www.davemease.com "-" "Mozilla/5.0 (Windows; U; Windows NT 5.1; en-US; rv:1.8.1.3) Gecko/20070309 Firefox/2.0.0.3" "-"
216.145.49.15 - - [24/May/2007:16:11:10 -0400] "GET /mease.jpg HTTP/1.1" 200 4583 www.davemease.com "http://www.davemease.com/" "Mozilla/5.0 (Windows; U; Windows NT 5.1; en-US; rv:1.8.1.3) Gecko/20070309 Firefox/2.0.0.3" "-"
216.145.49.15 - - [24/May/2007:16:11:11 -0400] "GET /favicon.ico HTTP/1.1" 404 2295 www.davemease.com "-" "Mozilla/5.0 (Windows; U; Windows NT 5.1; en-US; rv:1.8.1.3) Gecko/20070309 Firefox/2.0.0.3" "-"
216.145.49.15 - - [24/May/2007:16:11:11 -0400] "GET /favicon.ico HTTP/1.1" 404 2295 www.davemease.com "-" "Mozilla/5.0 (Windows; U; Windows NT 5.1; en-US; rv:1.8.1.3) Gecko/20070309 Firefox/2.0.0.3" "-"
216.145.49.15 - - [24/May/2007:16:11:31 -0400] "GET /favicon.ico HTTP/1.1" 404 2295 www.davemease.com "-" "Mozilla/5.0 (Windows; U; Windows NT 5.1; en-US; rv:1.8.1.3) Gecko/20070309 Firefox/2.0.0.3" "-"
216.145.49.15 - - [24/May/2007:16:12:29 -0400] "GET /papers HTTP/1.1" 301 248 www.davemease.com "http://www.davemease.com/" "Mozilla/5.0 (Windows; U; Windows NT 5.1; en-US; rv:1.8.1.3) Gecko/20070309 Firefox/2.0.0.3" "-"
216.145.49.15 - - [24/May/2007:16:12:29 -0400] "GET /papers/ HTTP/1.1" 200 1510 www.davemease.com "http://www.davemease.com/" "Mozilla/5.0 (Windows; U; Windows NT 5.1; en-US; rv:1.8.1.3) Gecko/20070309 Firefox/2.0.0.3" "-"
89.150.197.137 - - [24/May/2007:16:18:05 -0400] "GET /robots.txt HTTP/1.0" 404 2294 www.davemease.com "-" "Speedy Spider (Entireweb; Beta/1.3; http://www.entireweb.com/about/search_tech/speedyspider/)" "-"
89.150.197.137 - - [24/May/2007:16:18:06 -0400] "GET /football/ HTTP/1.0" 200 - www.davemease.com "-" "Speedy Spider (Entireweb; Beta/1.3; http://www.entireweb.com/about/search_tech/speedyspider/)" "-"
67.188.57.171 - - [24/May/2007:17:05:56 -0400] "GET / HTTP/1.1" 200 2784 www.davemease.com "-" "Mozilla/4.0 (compatible; MSIE 7.0; Windows NT 5.1; .NET CLR 1.1.4322; ZangoToolbar 4.8.2; .NET CLR 2.0.50727)" "-"
67.188.57.171 - - [24/May/2007:17:05:56 -0400] "GET /mease.jpg HTTP/1.1" 200 4583 www.davemease.com "http://www.davemease.com/" "Mozilla/4.0 (compatible; MSIE 7.0; Windows NT 5.1; .NET CLR 1.1.4322; ZangoToolbar 4.8.2; .NET CLR 2.0.50727)" "-"
76.102.255.132 - - [24/May/2007:18:09:45 -0400] "GET / HTTP/1.1" 200 2784 www.davemease.com "-" "Mozilla/5.0 (Windows; U; Windows NT 5.1; en-US; rv:1.8.1.3) Gecko/20070309 Firefox/2.0.0.3" "-"
76.102.255.132 - - [24/May/2007:18:09:46 -0400] "GET /mease.jpg HTTP/1.1" 200 4583 www.davemease.com "http://www.davemease.com/" "Mozilla/5.0 (Windows; U; Windows NT 5.1; en-US; rv:1.8.1.3) Gecko/20070309 Firefox/2.0.0.3" "-"
76.102.255.132 - - [24/May/2007:18:09:46 -0400] "GET /favicon.ico HTTP/1.1" 404 2295 www.davemease.com "-" "Mozilla/5.0 (Windows; U; Windows NT 5.1; en-US; rv:1.8.1.3) Gecko/20070309 Firefox/2.0.0.3" "-"
75.72.50.56 - - [24/May/2007:18:25:21 -0400] "GET /football/ HTTP/1.1" 200 280535 www.davemease.com "http://www.mratings.com/cf/compare.htm" "Mozilla/4.0 (compatible; MSIE 6.0; Windows NT 5.1; SV1; .NET CLR 1.0.3705)" "-"
75.32.147.194 - - [24/May/2007:19:58:26 -0400] "GET / HTTP/1.1" 200 2784 www.davemease.com "http://www.google.com/search?q=david+mease&ie=utf-8&oe=utf-8&aq=t&rls=org.mozilla:en-US:official&client=firefox-a" "Mozilla/5.0 (Windows; U; Windows NT 6.0; en-US; rv:1.8.1.3) Gecko/20070309 Firefox/2.0.0.3" "-"
66.194.6.83 - - [24/May/2007:20:14:29 -0400] "GET / HTTP/1.1" 200 5912 www.on-line-teaching-videos.com "-" "Mozilla/4.0 (compatible; MSIE 6.0; Windows NT 5.1; Q312465)" "-"
68.126.187.101 - - [24/May/2007:20:18:05 -0400] "GET / HTTP/1.1" 200 2784 www.davemease.com "http://search.yahoo.com/search?p=david+mease&fr=yfp-t-501&toggle=1&cop=mss&ei=UTF-8" "Mozilla/4.0 (compatible; MSIE 6.0; Windows NT 5.1; SV1; sbcydsl 3.12)" "-"
68.126.187.101 - - [24/May/2007:20:18:06 -0400] "GET /mease.jpg HTTP/1.1" 200 4583 www.davemease.com "http://www.davemease.com/" "Mozilla/4.0 (compatible; MSIE 6.0; Windows NT 5.1; SV1; sbcydsl 3.12)" "-"
207.46.98.137 - - [24/May/2007:21:02:18 -0400] "GET /robots.txt HTTP/1.0" 404 2294 www.davemease.com "-" "msnbot/1.0 (+http://search.msn.com/msnbot.htm)" "-"
207.46.98.137 - - [24/May/2007:21:02:19 -0400] "GET /contraryevidence/ HTTP/1.0" 200 3072 www.davemease.com "-" "msnbot/1.0 (+http://search.msn.com/msnbot.htm)" "-"
38.99.44.108 - - [24/May/2007:22:29:34 -0400] "GET /robots.txt HTTP/1.0" 404 2294 www.davemease.com "-" "Mozilla/5.0 (Twiceler-0.9 http://www.cuill.com/twiceler/robot.html)" "-"
75.7.32.69 - - [24/May/2007:22:30:21 -0400] "GET / HTTP/1.1" 200 2784 www.davemease.com "http://www.google.com/search?q=david+mease&start=0&ie=utf-8&oe=utf-8&client=firefox-a&rls=org.mozilla:en-US:official" "Mozilla/5.0 (Windows; U; Windows NT 5.1; en-US; rv:1.8.0.11) Gecko/20070312 Firefox/1.5.0.11" "-"
75.45.193.128 - - [24/May/2007:22:57:31 -0400] "GET / HTTP/1.1" 200 2784 www.davemease.com "http://www.google.com/search?hl=en&q=david+mease" "Mozilla/4.0 (compatible; MSIE 7.0; Windows NT 5.1; .NET CLR 1.1.4322)" "-"
75.45.193.128 - - [24/May/2007:22:57:32 -0400] "GET /mease.jpg HTTP/1.1" 200 4583 www.davemease.com "http://www.davemease.com/" "Mozilla/4.0 (compatible; MSIE 7.0; Windows NT 5.1; .NET CLR 1.1.4322)" "-"
75.45.193.128 - - [24/May/2007:22:57:32 -0400] "GET /favicon.ico HTTP/1.1" 404 2295 www.davemease.com "-" "Mozilla/4.0 (compatible; MSIE 7.0; Windows NT 5.1; .NET CLR 1.1.4322)" "-"
75.45.193.128 - - [24/May/2007:22:57:34 -0400] "GET /papers HTTP/1.1" 301 248 www.davemease.com "http://www.davemease.com/" "Mozilla/4.0 (compatible; MSIE 7.0; Windows NT 5.1; .NET CLR 1.1.4322)" "-"
75.45.193.128 - - [24/May/2007:22:57:34 -0400] "GET /papers/ HTTP/1.1" 200 1510 www.davemease.com "http://www.davemease.com/" "Mozilla/4.0 (compatible; MSIE 7.0; Windows NT 5.1; .NET CLR 1.1.4322)" "-"
75.45.193.128 - - [24/May/2007:22:57:39 -0400] "GET /contraryevidence HTTP/1.1" 301 258 www.davemease.com "http://www.davemease.com/papers/" "Mozilla/4.0 (compatible; MSIE 7.0; Windows NT 5.1; .NET CLR 1.1.4322)" "-"
75.45.193.128 - - [24/May/2007:22:57:39 -0400] "GET /contraryevidence/ HTTP/1.1" 200 3072 www.davemease.com "http://www.davemease.com/papers/" "Mozilla/4.0 (compatible; MSIE 7.0; Windows NT 5.1; .NET CLR 1.1.4322)" "-"
75.58.19.244 - - [24/May/2007:23:03:29 -0400] "GET / HTTP/1.1" 200 2784 www.davemease.com "-" "Mozilla/4.0 (compatible; MSIE 6.0; Windows NT 5.1)" "-"
75.58.19.244 - - [24/May/2007:23:03:30 -0400] "GET /mease.jpg HTTP/1.1" 200 4583 www.davemease.com "http://www.davemease.com" "Mozilla/4.0 (compatible; MSIE 6.0; Windows NT 5.1)" "-"
75.45.193.128 - - [24/May/2007:23:03:40 -0400] "GET /papers HTTP/1.1" 301 248 www.davemease.com "http://www.davemease.com/" "Mozilla/4.0 (compatible; MSIE 7.0; Windows NT 5.1; .NET CLR 1.1.4322)" "-"
66.194.6.71 - - [24/May/2007:23:18:43 -0400] "GET / HTTP/1.1" 200 2784 www.davemease.com "-" "Mozilla/4.0 (compatible; MSIE 6.0; Windows NT 5.1; Q312468)" "-"
65.57.245.11 - - [24/May/2007:23:33:50 -0400] "GET /football/ HTTP/1.1" 200 280535 www.davemease.com "-" "Mozilla/5.0 (Windows; U; Windows NT 5.1; en-US; rv:1.8.1.3) Gecko/20070309 Firefox/2.0.0.3" "-"
65.57.245.11 - - [24/May/2007:23:34:20 -0400] "GET /favicon.ico HTTP/1.1" 404 2295 www.davemease.com "-" "Mozilla/5.0 (Windows; U; Windows NT 5.1; en-US; rv:1.8.1.3) Gecko/20070309 Firefox/2.0.0.3" "-"
65.57.245.11 - - [24/May/2007:23:34:24 -0400] "GET /favicon.ico HTTP/1.1" 404 2295 www.davemease.com "-" "Mozilla/5.0 (Windows; U; Windows NT 5.1; en-US; rv:1.8.1.3) Gecko/20070309 Firefox/2.0.0.3" "-"
65.57.245.11 - - [24/May/2007:23:35:07 -0400] "GET /football/ HTTP/1.1" 200 280535 www.davemease.com "-" "Mozilla/5.0 (Windows; U; Windows NT 5.1; en-US; rv:1.8.1.3) Gecko/20070309 Firefox/2.0.0.3" "-"
72.30.177.78 - - [25/May/2007:00:06:17 -0400] "GET /robots.txt HTTP/1.0" 404 2294 www.davemease.com "-" "Mozilla/5.0 (compatible; Yahoo! Slurp; http://help.yahoo.com/help/us/ysearch/slurp)" "-"
74.6.66.38 - - [25/May/2007:00:06:18 -0400] "GET / HTTP/1.0" 200 2784 www.davemease.com "-" "Mozilla/5.0 (compatible; Yahoo! Slurp; http://help.yahoo.com/help/us/ysearch/slurp)" "-"
64.71.11.80 - - [25/May/2007:01:03:00 -0400] "GET / HTTP/1.1" 200 2784 www.davemease.com "http://www.google.com/search?hl=en&q=david+mease&btnG=Google+Search" "Mozilla/5.0 (Windows; U; Windows NT 5.1; en-US; rv:1.8.1.3) Gecko/20070309 Firefox/2.0.0.3" "-"
64.71.11.80 - - [25/May/2007:01:03:01 -0400] "GET /mease.jpg HTTP/1.1" 200 4583 www.davemease.com "http://www.davemease.com/" "Mozilla/5.0 (Windows; U; Windows NT 5.1; en-US; rv:1.8.1.3) Gecko/20070309 Firefox/2.0.0.3" "-"
64.71.11.80 - - [25/May/2007:01:03:01 -0400] "GET /favicon.ico HTTP/1.1" 404 2295 www.davemease.com "-" "Mozilla/5.0 (Windows; U; Windows NT 5.1; en-US; rv:1.8.1.3) Gecko/20070309 Firefox/2.0.0.3" "-"
75.7.27.71 - - [25/May/2007:01:13:45 -0400] "GET / HTTP/1.1" 200 2784 www.davemease.com "http://www.google.com/search?q=david+mease&start=0&ie=utf-8&oe=utf-8&client=firefox-a&rls=org.mozilla:en-US:official" "Mozilla/5.0 (Windows; U; Windows NT 5.1; en-US; rv:1.8.0.11) Gecko/20070312 Firefox/1.5.0.11" "-"
65.55.213.87 - - [25/May/2007:03:31:11 -0400] "GET /robots.txt HTTP/1.0" 404 2294 www.davemease.com "-" "msnbot-media/1.0 (+http://search.msn.com/msnbot.htm)" "-"
65.55.213.87 - - [25/May/2007:03:31:11 -0400] "GET /football/SAScode.html HTTP/1.0" 200 19371 www.davemease.com "-" "msnbot-media/1.0 (+http://search.msn.com/msnbot.htm)" "-"
74.6.85.149 - - [25/May/2007:03:57:39 -0400] "GET /robots.txt HTTP/1.0" 404 2294 www.davemease.com "-" "Mozilla/5.0 (compatible; Yahoo! Slurp; http://help.yahoo.com/help/us/ysearch/slurp)" "-"
74.6.86.219 - - [25/May/2007:03:57:40 -0400] "GET / HTTP/1.0" 200 2784 www.davemease.com "-" "Mozilla/5.0 (compatible; Yahoo! Slurp; http://help.yahoo.com/help/us/ysearch/slurp)" "-"
66.249.67.15 - - [25/May/2007:04:23:28 -0400] "GET /robots.txt HTTP/1.1" 404 2294 www.davemease.com "-" "Mozilla/5.0 (compatible; Googlebot/2.1; +http://www.google.com/bot.html)" "-"
66.249.67.15 - - [25/May/2007:04:23:28 -0400] "GET /football/ HTTP/1.1" 200 280535 www.davemease.com "-" "Mozilla/5.0 (compatible; Googlebot/2.1; +http://www.google.com/bot.html)" "-"
76.102.255.132 - - [25/May/2007:05:48:48 -0400] "GET / HTTP/1.1" 200 2784 www.davemease.com "-" "Mozilla/5.0 (Windows; U; Windows NT 5.1; en-US; rv:1.8.1.3) Gecko/20070309 Firefox/2.0.0.3" "-"
76.102.255.132 - - [25/May/2007:05:48:48 -0400] "GET /mease.jpg HTTP/1.1" 200 4583 www.davemease.com "http://www.davemease.com/" "Mozilla/5.0 (Windows; U; Windows NT 5.1; en-US; rv:1.8.1.3) Gecko/20070309 Firefox/2.0.0.3" "-"
76.102.255.132 - - [25/May/2007:05:48:48 -0400] "GET /favicon.ico HTTP/1.1" 404 2295 www.davemease.com "-" "Mozilla/5.0 (Windows; U; Windows NT 5.1; en-US; rv:1.8.1.3) Gecko/20070309 Firefox/2.0.0.3" "-"
141.214.17.5 - - [25/May/2007:08:16:34 -0400] "GET / HTTP/1.1" 200 2784 www.davemease.com "http://www.cob.sjsu.edu/mease_d/" "Mozilla/5.0 (Windows; U; Windows NT 5.1; en-US; rv:1.7.12) Gecko/20050915 Firefox/1.0.7" "-"
141.214.17.5 - - [25/May/2007:08:16:34 -0400] "GET /mease.jpg HTTP/1.1" 200 4583 www.davemease.com "http://www.davemease.com/" "Mozilla/5.0 (Windows; U; Windows NT 5.1; en-US; rv:1.7.12) Gecko/20050915 Firefox/1.0.7" "-"
141.214.17.5 - - [25/May/2007:08:16:34 -0400] "GET /favicon.ico HTTP/1.1" 404 2295 www.davemease.com "-" "Mozilla/5.0 (Windows; U; Windows NT 5.1; en-US; rv:1.7.12) Gecko/20050915 Firefox/1.0.7" "-"
141.214.17.5 - - [25/May/2007:08:16:52 -0400] "GET /papers HTTP/1.1" 301 248 www.davemease.com "http://www.davemease.com/" "Mozilla/5.0 (Windows; U; Windows NT 5.1; en-US; rv:1.7.12) Gecko/20050915 Firefox/1.0.7" "-"
141.214.17.5 - - [25/May/2007:08:16:52 -0400] "GET /papers/ HTTP/1.1" 200 1510 www.davemease.com "http://www.davemease.com/" "Mozilla/5.0 (Windows; U; Windows NT 5.1; en-US; rv:1.7.12) Gecko/20050915 Firefox/1.0.7" "-"
141.214.17.5 - - [25/May/2007:08:16:52 -0400] "GET /favicon.ico HTTP/1.1" 404 2295 www.davemease.com "-" "Mozilla/5.0 (Windows; U; Windows NT 5.1; en-US; rv:1.7.12) Gecko/20050915 Firefox/1.0.7" "-"
141.214.17.5 - - [25/May/2007:08:16:58 -0400] "GET /favicon.ico HTTP/1.1" 404 2295 www.davemease.com "-" "Mozilla/5.0 (Windows; U; Windows NT 5.1; en-US; rv:1.7.12) Gecko/20050915 Firefox/1.0.7" "-"
141.214.17.5 - - [25/May/2007:08:17:08 -0400] "GET /favicon.ico HTTP/1.1" 404 2295 www.davemease.com "-" "Mozilla/5.0 (Windows; U; Windows NT 5.1; en-US; rv:1.7.12) Gecko/20050915 Firefox/1.0.7" "-"
141.214.17.5 - - [25/May/2007:08:17:16 -0400] "GET /favicon.ico HTTP/1.1" 404 2295 www.davemease.com "-" "Mozilla/5.0 (Windows; U; Windows NT 5.1; en-US; rv:1.7.12) Gecko/20050915 Firefox/1.0.7" "-"
74.6.85.149 - - [25/May/2007:10:36:23 -0400] "GET /robots.txt HTTP/1.0" 404 2294 www.davemease.com "-" "Mozilla/5.0 (compatible; Yahoo! Slurp; http://help.yahoo.com/help/us/ysearch/slurp)" "-"
74.6.86.100 - - [25/May/2007:10:36:23 -0400] "GET / HTTP/1.0" 200 2784 www.davemease.com "-" "Mozilla/5.0 (compatible; Yahoo! Slurp; http://help.yahoo.com/help/us/ysearch/slurp)" "-"
207.46.98.135 - - [25/May/2007:11:13:14 -0400] "GET /robots.txt HTTP/1.0" 404 2294 www.davemease.com "-" "msnbot/1.0 (+http://search.msn.com/msnbot.htm)" "-"
207.46.98.135 - - [25/May/2007:11:13:14 -0400] "GET /papers/paper.pdf HTTP/1.0" 404 2300 www.davemease.com "-" "msnbot/1.0 (+http://search.msn.com/msnbot.htm)" "-"
74.6.86.230 - - [25/May/2007:14:00:48 -0400] "GET /robots.txt HTTP/1.0" 404 2308 www.on-line-teaching-videos.com "-" "Mozilla/5.0 (compatible; Yahoo! Slurp; http://help.yahoo.com/help/us/ysearch/slurp)" "-"
74.6.87.81 - - [25/May/2007:14:00:48 -0400] "GET /quizzes_and_exams HTTP/1.0" 301 261 www.on-line-teaching-videos.com "-" "Mozilla/5.0 (compatible; Yahoo! Slurp; http://help.yahoo.com/help/us/ysearch/slurp)" "-"
74.6.87.81 - - [25/May/2007:14:00:58 -0400] "GET /quizzes_and_exams/ HTTP/1.0" 200 1822 www.on-line-teaching-videos.com "-" "Mozilla/5.0 (compatible; Yahoo! Slurp; http://help.yahoo.com/help/us/ysearch/slurp)" "-"
72.30.177.78 - - [25/May/2007:14:10:17 -0400] "GET /robots.txt HTTP/1.0" 404 2294 www.davemease.com "-" "Mozilla/5.0 (compatible; Yahoo! Slurp; http://help.yahoo.com/help/us/ysearch/slurp)" "-"
74.6.73.91 - - [25/May/2007:14:10:17 -0400] "GET / HTTP/1.0" 200 - www.davemease.com "-" "Mozilla/5.0 (compatible; Yahoo! Slurp; http://help.yahoo.com/help/us/ysearch/slurp)" "-"
67.188.58.237 - - [25/May/2007:14:41:41 -0400] "GET / HTTP/1.1" 200 2784 www.davemease.com "-" "Mozilla/5.0 (Windows; U; Windows NT 5.1; en-US; rv:1.8.1.3) Gecko/20070309 Firefox/2.0.0.3" "-"
67.188.58.237 - - [25/May/2007:14:41:42 -0400] "GET /mease.jpg HTTP/1.1" 200 4583 www.davemease.com "http://www.davemease.com/" "Mozilla/5.0 (Windows; U; Windows NT 5.1; en-US; rv:1.8.1.3) Gecko/20070309 Firefox/2.0.0.3" "-"
67.188.58.237 - - [25/May/2007:14:41:42 -0400] "GET /favicon.ico HTTP/1.1" 404 2295 www.davemease.com "-" "Mozilla/5.0 (Windows; U; Windows NT 5.1; en-US; rv:1.8.1.3) Gecko/20070309 Firefox/2.0.0.3" "-"
69.107.88.128 - - [25/May/2007:16:56:49 -0400] "GET / HTTP/1.1" 200 2784 www.davemease.com "http://www.google.com/search?hl=en&q=david+mease&btnG=Google+Search" "Mozilla/5.0 (Macintosh; U; PPC Mac OS X; en) AppleWebKit/418.8 (KHTML, like Gecko) Safari/419.3" "-"
69.107.88.128 - - [25/May/2007:16:56:49 -0400] "GET /favicon.ico HTTP/1.1" 404 2295 www.davemease.com "-" "Mozilla/5.0 (Macintosh; U; PPC Mac OS X; en) AppleWebKit/418.8 (KHTML, like Gecko) Safari/419.3" "-"
69.107.88.128 - - [25/May/2007:16:56:49 -0400] "GET /mease.jpg HTTP/1.1" 200 4583 www.davemease.com "http://www.davemease.com/" "Mozilla/5.0 (Macintosh; U; PPC Mac OS X; en) AppleWebKit/418.8 (KHTML, like Gecko) Safari/419.3" "-"
65.57.245.11 - - [25/May/2007:18:35:25 -0400] "GET / HTTP/1.1" 200 2784 www.davemease.com "-" "Mozilla/4.0 (compatible; MSIE 6.0; Windows NT 5.1; SV1; .NET CLR 1.1.4322)" "-"
65.57.245.11 - - [25/May/2007:18:35:25 -0400] "GET /mease.jpg HTTP/1.1" 200 4583 www.davemease.com "http://www.davemease.com/" "Mozilla/4.0 (compatible; MSIE 6.0; Windows NT 5.1; SV1; .NET CLR 1.1.4322)" "-"
72.30.177.98 - - [25/May/2007:20:28:53 -0400] "GET /robots.txt HTTP/1.0" 404 2308 www.on-line-teaching-videos.com "-" "Mozilla/5.0 (compatible; Yahoo! Slurp; http://help.yahoo.com/help/us/ysearch/slurp)" "-"
74.6.68.41 - - [25/May/2007:20:28:54 -0400] "GET / HTTP/1.0" 200 - www.on-line-teaching-videos.com "-" "Mozilla/5.0 (compatible; Yahoo! Slurp; http://help.yahoo.com/help/us/ysearch/slurp)" "-"
65.55.210.59 - - [25/May/2007:21:31:08 -0400] "GET /robots.txt HTTP/1.0" 404 2294 www.davemease.com "-" "msnbot/1.0 (+http://search.msn.com/msnbot.htm)" "-"
65.55.210.59 - - [25/May/2007:21:31:09 -0400] "GET /contraryevidence HTTP/1.0" 301 246 www.davemease.com "-" "msnbot/1.0 (+http://search.msn.com/msnbot.htm)" "-"
65.55.210.59 - - [25/May/2007:21:40:29 -0400] "GET /contraryevidence/ HTTP/1.0" 200 3072 www.davemease.com "-" "msnbot/1.0 (+http://search.msn.com/msnbot.htm)" "-"
75.7.45.158 - - [25/May/2007:23:15:47 -0400] "GET / HTTP/1.1" 200 2784 www.davemease.com "http://www.google.com/search?q=david+mease&start=0&ie=utf-8&oe=utf-8&client=firefox-a&rls=org.mozilla:en-US:official" "Mozilla/5.0 (Windows; U; Windows NT 5.1; en-US; rv:1.8.0.11) Gecko/20070312 Firefox/1.5.0.11" "-"
204.228.230.38 - - [25/May/2007:23:26:11 -0400] "GET /robots.txt HTTP/1.0" 404 2294 www.davemease.com "-" "Bloodhound/Nutch-0.9 (Testing Crawler for Research - obeys robots.txt and robots meta tags ; http://balihoo.com/index.aspx; robot at balihoo dot com)" "-"
204.228.230.38 - - [25/May/2007:23:26:11 -0400] "GET / HTTP/1.0" 200 2784 www.davemease.com "-" "Bloodhound/Nutch-0.9 (Testing Crawler for Research - obeys robots.txt and robots meta tags ; http://balihoo.com/index.aspx; robot at balihoo dot com)" "-"
66.249.67.15 - - [26/May/2007:00:55:06 -0400] "GET /robots.txt HTTP/1.1" 404 2294 www.davemease.com "-" "Mozilla/5.0 (compatible; Googlebot/2.1; +http://www.google.com/bot.html)" "-"
66.249.67.15 - - [26/May/2007:00:55:06 -0400] "GET / HTTP/1.1" 200 2784 www.davemease.com "-" "Mozilla/5.0 (compatible; Googlebot/2.1; +http://www.google.com/bot.html)" "-"
216.220.216.162 - - [26/May/2007:00:58:34 -0400] "GET / HTTP/1.0" 200 2784 www.davemease.com "-" "Mozilla/5.0 (Danger hiptop 2.0; U; AvantGo 3.2)" "unknown"
216.220.216.164 - - [26/May/2007:00:58:34 -0400] "GET /mease.jpg HTTP/1.0" 200 4583 www.davemease.com "-" "Mozilla/5.0 (Danger hiptop 2.0; U; AvantGo 3.2)" "unknown"
75.32.147.194 - - [26/May/2007:01:14:22 -0400] "GET /mease.jpg HTTP/1.1" 200 4583 www.davemease.com "http://www.davemease.com/" "Mozilla/5.0 (Windows; U; Windows NT 6.0; en-US; rv:1.8.1.3) Gecko/20070309 Firefox/2.0.0.3" "-"
75.32.147.194 - - [26/May/2007:01:14:22 -0400] "GET /favicon.ico HTTP/1.1" 404 2295 www.davemease.com "-" "Mozilla/5.0 (Windows; U; Windows NT 6.0; en-US; rv:1.8.1.3) Gecko/20070309 Firefox/2.0.0.3" "-"
72.30.177.78 - - [26/May/2007:01:25:46 -0400] "GET /robots.txt HTTP/1.0" 404 2294 www.davemease.com "-" "Mozilla/5.0 (compatible; Yahoo! Slurp; http://help.yahoo.com/help/us/ysearch/slurp)" "-"
74.6.66.38 - - [26/May/2007:01:25:47 -0400] "GET / HTTP/1.0" 200 2784 www.davemease.com "-" "Mozilla/5.0 (compatible; Yahoo! Slurp; http://help.yahoo.com/help/us/ysearch/slurp)" "-"
66.249.67.15 - - [26/May/2007:01:26:03 -0400] "GET /robots.txt HTTP/1.1" 404 2308 www.on-line-teaching-videos.com "-" "Mozilla/5.0 (compatible; Googlebot/2.1; +http://www.google.com/bot.html)" "-"
66.249.67.15 - - [26/May/2007:01:26:03 -0400] "GET /exam_solutions/ HTTP/1.1" 200 - www.on-line-teaching-videos.com "-" "Mozilla/5.0 (compatible; Googlebot/2.1; +http://www.google.com/bot.html)" "-"
76.168.12.148 - - [26/May/2007:02:47:23 -0400] "GET /football/ HTTP/1.1" 200 280535 www.davemease.com "-" "Mozilla/5.0 (Windows; U; Windows NT 5.1; en-US; rv:1.8.1.3) Gecko/20070309 Firefox/2.0.0.3" "-"
76.168.12.148 - - [26/May/2007:02:47:36 -0400] "GET /favicon.ico HTTP/1.1" 404 2295 www.davemease.com "-" "Mozilla/5.0 (Windows; U; Windows NT 5.1; en-US; rv:1.8.1.3) Gecko/20070309 Firefox/2.0.0.3" "-"
76.168.12.148 - - [26/May/2007:02:48:43 -0400] "GET /favicon.ico HTTP/1.1" 404 2295 www.davemease.com "-" "Mozilla/5.0 (Windows; U; Windows NT 5.1; en-US; rv:1.8.1.3) Gecko/20070309 Firefox/2.0.0.3" "-"
130.65.240.235 - - [26/May/2007:03:49:57 -0400] "GET / HTTP/1.1" 200 2784 www.davemease.com "-" "Mozilla/5.0 (Windows; U; Windows NT 5.1; en-US; rv:1.8.0.11) Gecko/20070312 Firefox/1.5.0.11" "-"
130.65.240.235 - - [26/May/2007:03:49:57 -0400] "GET /mease.jpg HTTP/1.1" 200 4583 www.davemease.com "http://www.davemease.com/" "Mozilla/5.0 (Windows; U; Windows NT 5.1; en-US; rv:1.8.0.11) Gecko/20070312 Firefox/1.5.0.11" "-"
130.65.240.235 - - [26/May/2007:03:49:57 -0400] "GET /favicon.ico HTTP/1.1" 404 2295 www.davemease.com "-" "Mozilla/5.0 (Windows; U; Windows NT 5.1; en-US; rv:1.8.0.11) Gecko/20070312 Firefox/1.5.0.11" "-"
217.212.224.145 - - [26/May/2007:04:07:45 -0400] "GET /robots.txt HTTP/1.0" 404 2294 www.davemease.com "-" "psbot/0.1 (+http://www.picsearch.com/bot.html)" "-"
217.212.224.169 - - [26/May/2007:04:07:47 -0400] "GET / HTTP/1.0" 200 - www.davemease.com "-" "psbot/0.1 (+http://www.picsearch.com/bot.html)" "-"
67.164.26.79 - - [26/May/2007:04:31:30 -0400] "GET / HTTP/1.1" 200 2784 www.davemease.com "-" "Mozilla/5.0 (Windows; U; Windows NT 6.0; en-US; rv:1.8.1.3) Gecko/20070309 Firefox/2.0.0.3" "-"
67.164.26.79 - - [26/May/2007:04:31:30 -0400] "GET /mease.jpg HTTP/1.1" 200 4583 www.davemease.com "http://www.davemease.com/" "Mozilla/5.0 (Windows; U; Windows NT 6.0; en-US; rv:1.8.1.3) Gecko/20070309 Firefox/2.0.0.3" "-"
67.164.26.79 - - [26/May/2007:04:31:31 -0400] "GET /favicon.ico HTTP/1.1" 404 2295 www.davemease.com "-" "Mozilla/5.0 (Windows; U; Windows NT 6.0; en-US; rv:1.8.1.3) Gecko/20070309 Firefox/2.0.0.3" "-"
66.245.55.160 - - [26/May/2007:04:33:34 -0400] "GET / HTTP/1.1" 200 2784 www.davemease.com "http://search.yahoo.com/search?p=david+mease&fr=yfp-t-501&toggle=1&cop=mss&ei=UTF-8" "Mozilla/5.0 (Windows; U; Windows NT 5.1; en-US; rv:1.8.0.11) Gecko/20070312 Firefox/1.5.0.11" "-"
66.245.55.160 - - [26/May/2007:04:33:34 -0400] "GET /mease.jpg HTTP/1.1" 200 4583 www.davemease.com "http://www.davemease.com/" "Mozilla/5.0 (Windows; U; Windows NT 5.1; en-US; rv:1.8.0.11) Gecko/20070312 Firefox/1.5.0.11" "-"
66.245.55.160 - - [26/May/2007:04:33:34 -0400] "GET /favicon.ico HTTP/1.1" 404 2295 www.davemease.com "-" "Mozilla/5.0 (Windows; U; Windows NT 5.1; en-US; rv:1.8.0.11) Gecko/20070312 Firefox/1.5.0.11" "-"
209.249.11.3 - - [26/May/2007:06:24:19 -0400] "GET /robots.txt HTTP/1.0" 404 2294 www.davemease.com "-" "MSRBOT (http://research.microsoft.com/research/sv/msrbot)" "-"
209.249.11.3 - - [26/May/2007:06:24:19 -0400] "GET / HTTP/1.0" 200 2784 www.davemease.com "-" "MSRBOT (http://research.microsoft.com/research/sv/msrbot)" "-"
209.249.11.3 - - [26/May/2007:06:24:49 -0400] "GET /football/SAScode.html HTTP/1.0" 200 19371 www.davemease.com "-" "MSRBOT (http://research.microsoft.com/research/sv/msrbot)" "-"
209.249.11.3 - - [26/May/2007:06:24:56 -0400] "GET /football/Rcode.html HTTP/1.0" 200 21115 www.davemease.com "-" "MSRBOT (http://research.microsoft.com/research/sv/msrbot)" "-"
207.46.98.136 - - [26/May/2007:06:56:50 -0400] "GET /robots.txt HTTP/1.0" 404 2294 www.davemease.com "-" "msnbot/1.0 (+http://search.msn.com/msnbot.htm)" "-"
207.46.98.136 - - [26/May/2007:06:56:50 -0400] "GET /football/ HTTP/1.0" 200 280535 www.davemease.com "-" "msnbot/1.0 (+http://search.msn.com/msnbot.htm)" "-"
207.46.98.136 - - [26/May/2007:08:57:56 -0400] "GET /football/Rcode.html HTTP/1.0" 200 21115 www.davemease.com "-" "msnbot/1.0 (+http://search.msn.com/msnbot.htm)" "-"
72.30.177.78 - - [26/May/2007:10:49:08 -0400] "GET /robots.txt HTTP/1.0" 404 2294 www.davemease.com "-" "Mozilla/5.0 (compatible; Yahoo! Slurp; http://help.yahoo.com/help/us/ysearch/slurp)" "-"
72.30.177.251 - - [26/May/2007:10:49:09 -0400] "GET /papers HTTP/1.0" 301 236 www.davemease.com "-" "Mozilla/5.0 (compatible; Yahoo! Slurp; http://help.yahoo.com/help/us/ysearch/slurp)" "-"
72.30.177.251 - - [26/May/2007:10:49:09 -0400] "GET /papers/ HTTP/1.0" 200 1510 www.davemease.com "-" "Mozilla/5.0 (compatible; Yahoo! Slurp; http://help.yahoo.com/help/us/ysearch/slurp)" "-"
66.194.6.94 - - [26/May/2007:12:24:10 -0400] "GET / HTTP/1.1" 200 5912 www.on-line-teaching-videos.com "-" "Mozilla/4.0 (compatible; MSIE 6.0; Windows NT 5.1; Q312465)" "-"
66.194.6.72 - - [26/May/2007:15:38:50 -0400] "GET / HTTP/1.1" 200 2784 www.davemease.com "-" "Mozilla/5.0 (compatible; Konqueror/3.0-rc5; i686 Linux; 20020624)" "-"
64.12.116.76 - - [26/May/2007:16:33:33 -0400] "HEAD / HTTP/1.1" 200 0 www.davemease.com "-" "Mozilla/4.0 (compatible; MSIE 6.0; AOL 9.0; Windows NT 5.1)" "-"
69.181.242.64 - - [26/May/2007:17:01:10 -0400] "GET / HTTP/1.1" 200 2784 www.davemease.com "http://www.google.com/search?sourceid=navclient&ie=UTF-8&rls=GGLG,GGLG:2005-27,GGLG:en&q=david+mease" "Mozilla/4.0 (compatible; MSIE 6.0; Windows NT 5.1; SV1)" "-"
69.181.242.64 - - [26/May/2007:17:01:10 -0400] "GET /mease.jpg HTTP/1.1" 200 4583 www.davemease.com "http://www.davemease.com/" "Mozilla/4.0 (compatible; MSIE 6.0; Windows NT 5.1; SV1)" "-"
207.46.98.135 - - [26/May/2007:18:21:22 -0400] "GET /robots.txt HTTP/1.0" 404 2294 www.davemease.com "-" "msnbot/1.0 (+http://search.msn.com/msnbot.htm)" "-"
207.46.98.135 - - [26/May/2007:18:21:22 -0400] "GET /papers/paper.pdf HTTP/1.0" 404 2300 www.davemease.com "-" "msnbot/1.0 (+http://search.msn.com/msnbot.htm)" "-"
130.65.243.101 - - [26/May/2007:18:51:48 -0400] "GET / HTTP/1.1" 200 2784 www.davemease.com "http://www.google.com/search?hl=en&q=david++mease" "Mozilla/4.0 (compatible; MSIE 6.0; Windows NT 5.1; SV1; .NET CLR 1.1.4322)" "-"
130.65.243.101 - - [26/May/2007:18:58:54 -0400] "GET / HTTP/1.1" 200 2784 www.davemease.com "http://www.google.com/search?hl=en&q=david++mease" "Mozilla/4.0 (compatible; MSIE 6.0; Windows NT 5.1; SV1; .NET CLR 1.1.4322)" "-"
74.52.245.146 - - [26/May/2007:19:06:39 -0400] "GET / HTTP/1.0" 200 2784 www.davemease.com "-" "Mozilla/5.0 (X11; U; Linux i686; en-US; rv:1.7.5) Gecko/20041107 Firefox/1.0" "-"
75.7.4.21 - - [26/May/2007:19:26:52 -0400] "GET / HTTP/1.1" 200 2784 www.davemease.com "http://www.google.com/search?q=david+mease&start=0&ie=utf-8&oe=utf-8&client=firefox-a&rls=org.mozilla:en-US:official" "Mozilla/5.0 (Windows; U; Windows NT 5.1; en-US; rv:1.8.0.11) Gecko/20070312 Firefox/1.5.0.11" "-"
202.96.51.149 - - [26/May/2007:19:43:30 -0400] "GET /robots.txt HTTP/1.0" 404 2294 www.davemease.com "-" "msnbot/1.0 (+http://search.msn.com/msnbot.htm)" "-"
219.142.53.16 - - [26/May/2007:19:43:34 -0400] "GET /football/ HTTP/1.0" 200 280535 www.davemease.com "-" "msnbot/1.0 (+http://search.msn.com/msnbot.htm)" "-"
74.6.85.149 - - [26/May/2007:20:15:00 -0400] "GET /robots.txt HTTP/1.0" 404 2294 www.davemease.com "-" "Mozilla/5.0 (compatible; Yahoo! Slurp; http://help.yahoo.com/help/us/ysearch/slurp)" "-"
74.6.85.232 - - [26/May/2007:20:15:00 -0400] "GET /football/ HTTP/1.0" 200 280535 www.davemease.com "-" "Mozilla/5.0 (compatible; Yahoo! Slurp; http://help.yahoo.com/help/us/ysearch/slurp)" "-"
69.236.126.3 - - [26/May/2007:20:15:24 -0400] "GET /football/ HTTP/1.1" 200 280535 www.davemease.com "-" "Mozilla/5.0 (Windows; U; Windows NT 5.1; en-US; rv:1.8.1.3) Gecko/20070309 Firefox/2.0.0.3" "-"
69.236.126.3 - - [26/May/2007:20:16:17 -0400] "GET /favicon.ico HTTP/1.1" 404 2295 www.davemease.com "-" "Mozilla/5.0 (Windows; U; Windows NT 5.1; en-US; rv:1.8.1.3) Gecko/20070309 Firefox/2.0.0.3" "-"
75.7.4.21 - - [26/May/2007:20:34:59 -0400] "GET / HTTP/1.1" 200 2784 www.davemease.com "http://www.google.com/search?q=david+mease&start=0&ie=utf-8&oe=utf-8&client=firefox-a&rls=org.mozilla:en-US:official" "Mozilla/5.0 (Windows; U; Windows NT 5.1; en-US; rv:1.8.0.11) Gecko/20070312 Firefox/1.5.0.11" "-"
207.46.98.136 - - [26/May/2007:21:49:16 -0400] "GET /robots.txt HTTP/1.0" 404 2294 www.davemease.com "-" "msnbot/1.0 (+http://search.msn.com/msnbot.htm)" "-"
207.46.98.136 - - [26/May/2007:21:49:16 -0400] "GET / HTTP/1.0" 200 2784 www.davemease.com "-" "msnbot/1.0 (+http://search.msn.com/msnbot.htm)" "-"
202.96.51.152 - - [26/May/2007:23:57:38 -0400] "GET /robots.txt HTTP/1.0" 404 2294 www.davemease.com "-" "msnbot/1.0 (+http://search.msn.com/msnbot.htm)" "-"
219.142.53.29 - - [26/May/2007:23:57:39 -0400] "GET /football/Rcode.html HTTP/1.0" 200 21115 www.davemease.com "-" "msnbot/1.0 (+http://search.msn.com/msnbot.htm)" "-"
76.201.169.175 - - [26/May/2007:23:59:09 -0400] "GET / HTTP/1.1" 200 2784 www.davemease.com "http://www.google.com/search?sourceid=navclient&ie=UTF-8&rls=GGLR,GGLR:2005-52,GGLR:en&q=david+mease" "Mozilla/4.0 (compatible; MSIE 6.0; Windows NT 5.1; FunWebProducts; SV1; .NET CLR 1.0.3705)" "-"
76.201.169.175 - - [26/May/2007:23:59:09 -0400] "GET /mease.jpg HTTP/1.1" 200 4583 www.davemease.com "http://www.davemease.com/" "Mozilla/4.0 (compatible; MSIE 6.0; Windows NT 5.1; FunWebProducts; SV1; .NET CLR 1.0.3705)" "-"
65.214.39.180 - - [26/May/2007:23:59:55 -0400] "GET /football HTTP/1.1" 301 250 www.davemease.com "-" "Mozilla/5.0 (X11; U; Linux i686; en-US; rv:1.9a1) Gecko/20070308 Minefield/3.0a1" "-"
65.214.39.180 - - [26/May/2007:23:59:55 -0400] "GET /football/ HTTP/1.1" 200 280535 www.davemease.com "-" "Mozilla/5.0 (X11; U; Linux i686; en-US; rv:1.9a1) Gecko/20070308 Minefield/3.0a1" "-"
67.125.23.241 - - [27/May/2007:00:02:11 -0400] "GET / HTTP/1.1" 200 2784 www.davemease.com "http://www.google.com/search?hl=en&q=david+mease" "Mozilla/4.0 (compatible; MSIE 7.0; Windows NT 6.0; SLCC1; .NET CLR 2.0.50727; Media Center PC 5.0; .NET CLR 3.0.04506; .NET CLR 1.1.4322)" "-"
67.125.23.241 - - [27/May/2007:00:02:11 -0400] "GET /mease.jpg HTTP/1.1" 200 4583 www.davemease.com "http://www.davemease.com/" "Mozilla/4.0 (compatible; MSIE 7.0; Windows NT 6.0; SLCC1; .NET CLR 2.0.50727; Media Center PC 5.0; .NET CLR 3.0.04506; .NET CLR 1.1.4322)" "-"
67.125.23.241 - - [27/May/2007:00:02:12 -0400] "GET /favicon.ico HTTP/1.1" 404 2295 www.davemease.com "-" "Mozilla/4.0 (compatible; MSIE 7.0; Windows NT 6.0; SLCC1; .NET CLR 2.0.50727; Media Center PC 5.0; .NET CLR 3.0.04506; .NET CLR 1.1.4322)" "-"
69.110.139.26 - - [27/May/2007:00:02:25 -0400] "GET / HTTP/1.1" 200 2784 www.davemease.com "http://www.google.com/search?hl=en&client=firefox-a&rls=org.mozilla:en-US:official&hs=Hl9&sa=X&oi=spell&resnum=0&ct=result&cd=1&q=david+mease&spell=1" "Mozilla/5.0 (Windows; U; Windows NT 5.1; en-US; rv:1.8.0.10) Gecko/20070216 Firefox/1.5.0.10" "-"
65.55.210.59 - - [27/May/2007:01:11:03 -0400] "GET /robots.txt HTTP/1.0" 404 2294 www.davemease.com "-" "msnbot/1.0 (+http://search.msn.com/msnbot.htm)" "-"
65.55.210.59 - - [27/May/2007:01:11:03 -0400] "GET /football/ HTTP/1.0" 200 280535 www.davemease.com "-" "msnbot/1.0 (+http://search.msn.com/msnbot.htm)" "-"
67.164.26.79 - - [27/May/2007:02:25:35 -0400] "GET / HTTP/1.1" 200 2784 www.davemease.com "-" "Mozilla/5.0 (Windows; U; Windows NT 6.0; en-US; rv:1.8.1.3) Gecko/20070309 Firefox/2.0.0.3" "-"
67.164.26.79 - - [27/May/2007:02:25:35 -0400] "GET /mease.jpg HTTP/1.1" 200 4583 www.davemease.com "http://www.davemease.com/" "Mozilla/5.0 (Windows; U; Windows NT 6.0; en-US; rv:1.8.1.3) Gecko/20070309 Firefox/2.0.0.3" "-"
67.164.26.79 - - [27/May/2007:02:25:35 -0400] "GET /favicon.ico HTTP/1.1" 404 2295 www.davemease.com "-" "Mozilla/5.0 (Windows; U; Windows NT 6.0; en-US; rv:1.8.1.3) Gecko/20070309 Firefox/2.0.0.3" "-"
204.228.230.38 - - [27/May/2007:02:53:29 -0400] "GET /robots.txt HTTP/1.0" 404 2294 www.davemease.com "-" "Bloodhound/Nutch-0.9 (Testing Crawler for Research - obeys robots.txt and robots meta tags ; http://balihoo.com/index.aspx; robot at balihoo dot com)" "-"
204.228.230.38 - - [27/May/2007:02:53:29 -0400] "GET / HTTP/1.0" 200 2784 www.davemease.com "-" "Bloodhound/Nutch-0.9 (Testing Crawler for Research - obeys robots.txt and robots meta tags ; http://balihoo.com/index.aspx; robot at balihoo dot com)" "-"
66.249.67.15 - - [27/May/2007:03:23:20 -0400] "GET /robots.txt HTTP/1.1" 404 2294 www.davemease.com "-" "Mozilla/5.0 (compatible; Googlebot/2.1; +http://www.google.com/bot.html)" "-"
66.249.67.15 - - [27/May/2007:03:23:20 -0400] "GET /football/Rcode.html HTTP/1.1" 200 21115 www.davemease.com "-" "Mozilla/5.0 (compatible; Googlebot/2.1; +http://www.google.com/bot.html)" "-"
219.142.53.30 - - [27/May/2007:04:34:15 -0400] "GET /robots.txt HTTP/1.0" 404 2294 www.davemease.com "-" "msnbot/1.0 (+http://search.msn.com/msnbot.htm)" "-"
219.142.53.27 - - [27/May/2007:04:34:15 -0400] "GET /football/SAScode.html HTTP/1.0" 200 19371 www.davemease.com "-" "msnbot/1.0 (+http://search.msn.com/msnbot.htm)" "-"
207.46.98.137 - - [27/May/2007:05:10:05 -0400] "GET /robots.txt HTTP/1.0" 404 2294 www.davemease.com "-" "msnbot/1.0 (+http://search.msn.com/msnbot.htm)" "-"
207.46.98.137 - - [27/May/2007:05:10:05 -0400] "GET /football/SAScode.html HTTP/1.0" 200 19371 www.davemease.com "-" "msnbot/1.0 (+http://search.msn.com/msnbot.htm)" "-"
66.249.67.15 - - [27/May/2007:07:40:31 -0400] "GET /robots.txt HTTP/1.1" 404 2308 www.on-line-teaching-videos.com "-" "Mozilla/5.0 (compatible; Googlebot/2.1; +http://www.google.com/bot.html)" "-"
66.249.67.15 - - [27/May/2007:07:40:31 -0400] "HEAD /sample_from_lecture23.wmv HTTP/1.1" 200 0 www.on-line-teaching-videos.com "-" "Mozilla/5.0 (compatible; Googlebot/2.1; +http://www.google.com/bot.html)" "-"
66.249.67.15 - - [27/May/2007:07:40:31 -0400] "HEAD /sample_from_lecture24.wmv HTTP/1.1" 200 0 www.on-line-teaching-videos.com "-" "Mozilla/5.0 (compatible; Googlebot/2.1; +http://www.google.com/bot.html)" "-"
66.249.67.15 - - [27/May/2007:07:40:33 -0400] "HEAD /sample_from_lecture25.wmv HTTP/1.1" 200 0 www.on-line-teaching-videos.com "-" "Mozilla/5.0 (compatible; Googlebot/2.1; +http://www.google.com/bot.html)" "-"
66.249.67.15 - - [27/May/2007:10:42:44 -0400] "GET /robots.txt HTTP/1.1" 404 2294 www.davemease.com "-" "Mozilla/5.0 (compatible; Googlebot/2.1; +http://www.google.com/bot.html)" "-"
66.249.67.15 - - [27/May/2007:10:42:44 -0400] "GET /football/SAScode.html HTTP/1.1" 200 19371 www.davemease.com "-" "Mozilla/5.0 (compatible; Googlebot/2.1; +http://www.google.com/bot.html)" "-"
74.208.71.187 - - [27/May/2007:11:05:34 -0400] "GET / HTTP/1.0" 200 2784 www.davemease.com "-" "Mozilla/4.0 (compatible; MSIE 6.0; Windows NT 5.1; SV1; .NET CLR 1.1.4322; .NET CLR 2.0.50727)" "-"
66.249.67.15 - - [27/May/2007:12:07:21 -0400] "GET /quizzes_and_exams/chapter3_quiz.doc HTTP/1.1" 200 36864 www.on-line-teaching-videos.com "-" "Mozilla/5.0 (compatible; Googlebot/2.1; +http://www.google.com/bot.html)" "-"
64.246.187.42 - - [27/May/2007:12:11:16 -0400] "GET /robots.txt HTTP/1.0" 404 2294 www.davemease.com "http://www.whois.sc/" "SurveyBot/2.3 (Whois Source)" "-"
64.246.187.42 - - [27/May/2007:12:11:16 -0400] "GET / HTTP/1.1" 200 2784 www.davemease.com "http://www.whois.sc/davemease.com" "SurveyBot/2.3 (Whois Source)" "-"
207.46.98.136 - - [27/May/2007:13:03:00 -0400] "GET /robots.txt HTTP/1.0" 404 2294 www.davemease.com "-" "msnbot/1.0 (+http://search.msn.com/msnbot.htm)" "-"
207.46.98.136 - - [27/May/2007:13:03:00 -0400] "GET /papers HTTP/1.0" 301 236 www.davemease.com "-" "msnbot/1.0 (+http://search.msn.com/msnbot.htm)" "-"
75.58.19.244 - - [27/May/2007:13:20:09 -0400] "GET / HTTP/1.1" 200 2784 www.davemease.com "-" "Mozilla/4.0 (compatible; MSIE 6.0; Windows NT 5.1)" "-"
75.58.19.244 - - [27/May/2007:13:20:09 -0400] "GET /mease.jpg HTTP/1.1" 200 4583 www.davemease.com "http://www.davemease.com" "Mozilla/4.0 (compatible; MSIE 6.0; Windows NT 5.1)" "-"
75.58.19.244 - - [27/May/2007:13:22:19 -0400] "GET / HTTP/1.1" 200 2784 www.davemease.com "-" "Mozilla/4.0 (compatible; MSIE 6.0; Windows NT 5.1)" "-"
75.58.19.244 - - [27/May/2007:13:22:20 -0400] "GET /mease.jpg HTTP/1.1" 200 4583 www.davemease.com "http://www.davemease.com" "Mozilla/4.0 (compatible; MSIE 6.0; Windows NT 5.1)" "-"
76.102.255.132 - - [27/May/2007:13:22:50 -0400] "GET / HTTP/1.1" 200 2784 www.davemease.com "-" "Mozilla/5.0 (Windows; U; Windows NT 5.1; en-US; rv:1.8.1.3) Gecko/20070309 Firefox/2.0.0.3" "-"
76.102.255.132 - - [27/May/2007:13:22:51 -0400] "GET /mease.jpg HTTP/1.1" 200 4583 www.davemease.com "http://www.davemease.com/" "Mozilla/5.0 (Windows; U; Windows NT 5.1; en-US; rv:1.8.1.3) Gecko/20070309 Firefox/2.0.0.3" "-"
76.102.255.132 - - [27/May/2007:13:22:51 -0400] "GET /favicon.ico HTTP/1.1" 404 2295 www.davemease.com "-" "Mozilla/5.0 (Windows; U; Windows NT 5.1; en-US; rv:1.8.1.3) Gecko/20070309 Firefox/2.0.0.3" "-"
75.58.19.244 - - [27/May/2007:13:24:12 -0400] "GET / HTTP/1.1" 200 2784 www.davemease.com "-" "Mozilla/4.0 (compatible; MSIE 6.0; Windows NT 5.1)" "-"
75.58.19.244 - - [27/May/2007:13:24:12 -0400] "GET /mease.jpg HTTP/1.1" 200 4583 www.davemease.com "http://www.davemease.com" "Mozilla/4.0 (compatible; MSIE 6.0; Windows NT 5.1)" "-"
75.58.19.244 - - [27/May/2007:13:25:21 -0400] "GET / HTTP/1.1" 200 2784 www.davemease.com "-" "Mozilla/4.0 (compatible; MSIE 6.0; Windows NT 5.1)" "-"
75.58.19.244 - - [27/May/2007:13:25:21 -0400] "GET /mease.jpg HTTP/1.1" 200 4583 www.davemease.com "http://www.davemease.com" "Mozilla/4.0 (compatible; MSIE 6.0; Windows NT 5.1)" "-"
207.46.98.136 - - [27/May/2007:13:32:37 -0400] "GET /papers/ HTTP/1.0" 200 1510 www.davemease.com "-" "msnbot/1.0 (+http://search.msn.com/msnbot.htm)" "-"
76.102.255.132 - - [27/May/2007:14:08:16 -0400] "GET / HTTP/1.1" 200 2784 www.davemease.com "-" "Mozilla/5.0 (Windows; U; Windows NT 5.1; en-US; rv:1.8.1.3) Gecko/20070309 Firefox/2.0.0.3" "-"
76.102.255.132 - - [27/May/2007:14:08:17 -0400] "GET /mease.jpg HTTP/1.1" 200 4583 www.davemease.com "http://www.davemease.com/" "Mozilla/5.0 (Windows; U; Windows NT 5.1; en-US; rv:1.8.1.3) Gecko/20070309 Firefox/2.0.0.3" "-"
76.102.255.132 - - [27/May/2007:14:08:17 -0400] "GET /favicon.ico HTTP/1.1" 404 2295 www.davemease.com "-" "Mozilla/5.0 (Windows; U; Windows NT 5.1; en-US; rv:1.8.1.3) Gecko/20070309 Firefox/2.0.0.3" "-"
130.65.243.188 - - [27/May/2007:14:10:01 -0400] "GET / HTTP/1.1" 200 2784 www.davemease.com "http://www.google.com/search?hl=en&q=david+mease" "Mozilla/4.0 (compatible; MSIE 6.0; Windows NT 5.1; SV1; .NET CLR 1.1.4322)" "-"
130.65.243.188 - - [27/May/2007:14:10:01 -0400] "GET /mease.jpg HTTP/1.1" 200 4583 www.davemease.com "http://www.davemease.com/" "Mozilla/4.0 (compatible; MSIE 6.0; Windows NT 5.1; SV1; .NET CLR 1.1.4322)" "-"
193.95.154.69 - - [27/May/2007:14:32:40 -0400] "GET /football HTTP/1.1" 301 250 www.davemease.com "-" "Mozilla/5.0 (X11; U; Linux i686; en-US; rv:1.9a1) Gecko/20070308 Minefield/3.0a1" "-"
193.95.154.69 - - [27/May/2007:14:32:41 -0400] "GET /football/ HTTP/1.1" 200 280535 www.davemease.com "-" "Mozilla/5.0 (X11; U; Linux i686; en-US; rv:1.9a1) Gecko/20070308 Minefield/3.0a1" "-"
74.102.115.83 - - [27/May/2007:15:11:30 -0400] "GET / HTTP/1.1" 200 2784 www.davemease.com "http://www.google.ca/search?q=my+personal+web&hl=en&start=20&sa=N" "Mozilla/4.0 (compatible; MSIE 6.0; Windows NT 5.1; SV1; FunWebProducts)" "-"
74.102.115.83 - - [27/May/2007:15:11:31 -0400] "GET /mease.jpg HTTP/1.1" 200 4583 www.davemease.com "http://www.davemease.com/" "Mozilla/4.0 (compatible; MSIE 6.0; Windows NT 5.1; SV1; FunWebProducts)" "-"
66.249.67.15 - - [27/May/2007:16:39:43 -0400] "GET /papers HTTP/1.1" 301 248 www.davemease.com "-" "Mozilla/5.0 (compatible; Googlebot/2.1; +http://www.google.com/bot.html)" "-"
66.249.67.15 - - [27/May/2007:16:39:44 -0400] "GET /papers/ HTTP/1.1" 200 1510 www.davemease.com "-" "Mozilla/5.0 (compatible; Googlebot/2.1; +http://www.google.com/bot.html)" "-"
72.30.177.78 - - [27/May/2007:16:44:31 -0400] "GET /robots.txt HTTP/1.0" 404 2294 www.davemease.com "-" "Mozilla/5.0 (compatible; Yahoo! Slurp; http://help.yahoo.com/help/us/ysearch/slurp)" "-"
74.6.73.223 - - [27/May/2007:16:44:33 -0400] "GET /football/ HTTP/1.0" 200 - www.davemease.com "-" "Mozilla/5.0 (compatible; Yahoo! Slurp; http://help.yahoo.com/help/us/ysearch/slurp)" "-"
72.30.177.98 - - [27/May/2007:18:51:37 -0400] "GET /robots.txt HTTP/1.0" 404 2308 www.on-line-teaching-videos.com "-" "Mozilla/5.0 (compatible; Yahoo! Slurp; http://help.yahoo.com/help/us/ysearch/slurp)" "-"
74.6.68.41 - - [27/May/2007:18:51:37 -0400] "GET / HTTP/1.0" 200 - www.on-line-teaching-videos.com "-" "Mozilla/5.0 (compatible; Yahoo! Slurp; http://help.yahoo.com/help/us/ysearch/slurp)" "-"
216.220.216.159 - - [27/May/2007:19:50:35 -0400] "GET / HTTP/1.0" 200 2784 www.davemease.com "http://www.google.com/search?hl=en&ie=ISO-8859-1&q=david+mease&btnG=Google+Search" "Mozilla/5.0 (Danger hiptop 2.0; U; AvantGo 3.2)" "unknown"
216.220.216.153 - - [27/May/2007:19:50:35 -0400] "GET /mease.jpg HTTP/1.0" 200 4583 www.davemease.com "-" "Mozilla/5.0 (Danger hiptop 2.0; U; AvantGo 3.2)" "unknown"
74.6.130.198 - - [27/May/2007:20:24:17 -0400] "GET /robots.txt HTTP/1.0" 404 2308 www.on-line-teaching-videos.com "-" "Mozilla/5.0 (compatible; Yahoo! Slurp; http://help.yahoo.com/help/us/ysearch/slurp)" "-"
74.6.130.198 - - [27/May/2007:20:24:19 -0400] "GET / HTTP/1.0" 200 5912 www.on-line-teaching-videos.com "-" "Mozilla/5.0 (compatible; Yahoo! Slurp; http://help.yahoo.com/help/us/ysearch/slurp)" "-"
128.12.189.139 - - [27/May/2007:23:08:42 -0400] "GET / HTTP/1.1" 200 2784 www.davemease.com "http://www.google.com/search?hl=en&rlz=1T4GGIH_enUS218US218&q=david+mease" "Mozilla/4.0 (compatible; MSIE 7.0; Windows NT 5.1; .NET CLR 1.1.4322)" "-"
128.12.189.139 - - [27/May/2007:23:08:42 -0400] "GET /mease.jpg HTTP/1.1" 200 4583 www.davemease.com "http://www.davemease.com/" "Mozilla/4.0 (compatible; MSIE 7.0; Windows NT 5.1; .NET CLR 1.1.4322)" "-"
128.12.189.139 - - [27/May/2007:23:08:42 -0400] "GET /favicon.ico HTTP/1.1" 404 2295 www.davemease.com "-" "Mozilla/4.0 (compatible; MSIE 7.0; Windows NT 5.1; .NET CLR 1.1.4322)" "-"
128.12.189.139 - - [27/May/2007:23:11:00 -0400] "GET /papers HTTP/1.1" 301 248 www.davemease.com "http://www.davemease.com/" "Mozilla/4.0 (compatible; MSIE 7.0; Windows NT 5.1; .NET CLR 1.1.4322)" "-"
128.12.189.139 - - [27/May/2007:23:11:00 -0400] "GET /papers/ HTTP/1.1" 200 1510 www.davemease.com "http://www.davemease.com/" "Mozilla/4.0 (compatible; MSIE 7.0; Windows NT 5.1; .NET CLR 1.1.4322)" "-"
128.12.189.139 - - [27/May/2007:23:11:04 -0400] "GET /football HTTP/1.1" 301 250 www.davemease.com "http://www.davemease.com/" "Mozilla/4.0 (compatible; MSIE 7.0; Windows NT 5.1; .NET CLR 1.1.4322)" "-"
128.12.189.139 - - [27/May/2007:23:11:04 -0400] "GET /football/ HTTP/1.1" 200 280535 www.davemease.com "http://www.davemease.com/" "Mozilla/4.0 (compatible; MSIE 7.0; Windows NT 5.1; .NET CLR 1.1.4322)" "-"
128.12.189.139 - - [27/May/2007:23:11:10 -0400] "GET /football/Rcode.html HTTP/1.1" 200 21115 www.davemease.com "http://www.davemease.com/football/" "Mozilla/4.0 (compatible; MSIE 7.0; Windows NT 5.1; .NET CLR 1.1.4322)" "-"
128.12.189.139 - - [27/May/2007:23:12:44 -0400] "GET /papers HTTP/1.1" 301 248 www.davemease.com "http://www.davemease.com/" "Mozilla/4.0 (compatible; MSIE 7.0; Windows NT 5.1; .NET CLR 1.1.4322)" "-"
71.146.115.155 - - [27/May/2007:23:34:27 -0400] "GET / HTTP/1.1" 200 2784 www.davemease.com "http://www.google.com/search?source=ig&hl=en&q=david+mease&btnG=Google+Search" "Mozilla/5.0 (Windows; U; Windows NT 5.1; en-US; rv:1.8.0.11) Gecko/20070312 Firefox/1.5.0.11" "-"
71.146.115.155 - - [27/May/2007:23:34:28 -0400] "GET /mease.jpg HTTP/1.1" 200 4583 www.davemease.com "http://www.davemease.com/" "Mozilla/5.0 (Windows; U; Windows NT 5.1; en-US; rv:1.8.0.11) Gecko/20070312 Firefox/1.5.0.11" "-"
71.146.115.155 - - [27/May/2007:23:34:28 -0400] "GET /favicon.ico HTTP/1.1" 404 2295 www.davemease.com "-" "Mozilla/5.0 (compatible; Google Desktop)" "-"
71.146.115.155 - - [27/May/2007:23:34:28 -0400] "GET /favicon.ico HTTP/1.1" 404 2295 www.davemease.com "-" "Mozilla/5.0 (Windows; U; Windows NT 5.1; en-US; rv:1.8.0.11) Gecko/20070312 Firefox/1.5.0.11" "-"
66.249.67.15 - - [27/May/2007:23:47:34 -0400] "GET /robots.txt HTTP/1.1" 404 2294 www.davemease.com "-" "Mozilla/5.0 (compatible; Googlebot/2.1; +http://www.google.com/bot.html)" "-"
66.249.67.15 - - [27/May/2007:23:47:34 -0400] "GET /football HTTP/1.1" 301 250 www.davemease.com "-" "Mozilla/5.0 (compatible; Googlebot/2.1; +http://www.google.com/bot.html)" "-"
66.249.67.15 - - [27/May/2007:23:47:35 -0400] "GET /football/ HTTP/1.1" 200 280535 www.davemease.com "-" "Mozilla/5.0 (compatible; Googlebot/2.1; +http://www.google.com/bot.html)" "-"
205.188.116.142 - - [27/May/2007:23:52:57 -0400] "GET /football HTTP/1.1" 301 250 www.davemease.com "-" "Mozilla/4.0 (compatible; MSIE 7.0; AOL 9.0; Windows NT 5.1; .NET CLR 1.1.4322; .NET CLR 2.0.50727)" "-"
205.188.116.16 - - [27/May/2007:23:52:57 -0400] "GET /football/ HTTP/1.1" 200 280535 www.davemease.com "-" "Mozilla/4.0 (compatible; MSIE 7.0; AOL 9.0; Windows NT 5.1; .NET CLR 1.1.4322; .NET CLR 2.0.50727)" "-"
65.55.210.59 - - [28/May/2007:00:00:06 -0400] "GET /robots.txt HTTP/1.0" 404 2294 www.davemease.com "-" "msnbot/1.0 (+http://search.msn.com/msnbot.htm)" "-"
65.55.210.59 - - [28/May/2007:00:00:07 -0400] "GET /contraryevidence HTTP/1.0" 301 246 www.davemease.com "-" "msnbot/1.0 (+http://search.msn.com/msnbot.htm)" "-"
65.55.210.59 - - [28/May/2007:00:07:28 -0400] "GET /contraryevidence/ HTTP/1.0" 200 3072 www.davemease.com "-" "msnbot/1.0 (+http://search.msn.com/msnbot.htm)" "-"
69.236.102.217 - - [28/May/2007:00:46:01 -0400] "GET / HTTP/1.1" 200 2784 www.davemease.com "http://www.cob.sjsu.edu/mease_d/" "Mozilla/5.0 (Windows; U; Windows NT 5.1; en-US; rv:1.8.0.11) Gecko/20070312 Firefox/1.5.0.11" "-"
69.236.102.217 - - [28/May/2007:00:46:02 -0400] "GET /mease.jpg HTTP/1.1" 200 4583 www.davemease.com "http://www.davemease.com/" "Mozilla/5.0 (Windows; U; Windows NT 5.1; en-US; rv:1.8.0.11) Gecko/20070312 Firefox/1.5.0.11" "-"
69.236.102.217 - - [28/May/2007:00:46:02 -0400] "GET /favicon.ico HTTP/1.1" 404 2295 www.davemease.com "-" "Mozilla/5.0 (Windows; U; Windows NT 5.1; en-US; rv:1.8.0.11) Gecko/20070312 Firefox/1.5.0.11" "-"
207.46.98.135 - - [28/May/2007:00:52:21 -0400] "GET /robots.txt HTTP/1.0" 404 2294 www.davemease.com "-" "msnbot/1.0 (+http://search.msn.com/msnbot.htm)" "-"
207.46.98.135 - - [28/May/2007:00:52:21 -0400] "GET /papers/paper.pdf HTTP/1.0" 404 2300 www.davemease.com "-" "msnbot/1.0 (+http://search.msn.com/msnbot.htm)" "-"
75.58.19.244 - - [28/May/2007:00:53:57 -0400] "GET / HTTP/1.1" 200 2784 www.davemease.com "-" "Mozilla/4.0 (compatible; MSIE 6.0; Windows NT 5.1)" "-"
75.58.19.244 - - [28/May/2007:00:53:57 -0400] "GET /mease.jpg HTTP/1.1" 200 4583 www.davemease.com "http://www.davemease.com" "Mozilla/4.0 (compatible; MSIE 6.0; Windows NT 5.1)" "-"
75.58.19.244 - - [28/May/2007:00:54:22 -0400] "GET / HTTP/1.1" 200 2784 www.davemease.com "-" "Mozilla/4.0 (compatible; MSIE 6.0; Windows NT 5.1)" "-"
75.58.19.244 - - [28/May/2007:00:54:23 -0400] "GET /mease.jpg HTTP/1.1" 200 4583 www.davemease.com "http://www.davemease.com" "Mozilla/4.0 (compatible; MSIE 6.0; Windows NT 5.1)" "-"
66.194.6.97 - - [28/May/2007:00:59:42 -0400] "GET / HTTP/1.1" 200 5912 www.on-line-teaching-videos.com "-" "Mozilla/5.0 (compatible; Konqueror/3.0-rc3; i686 Linux; 20020702)" "-"
